Archive member included to satisfy reference by file (symbol)

C:\Users\samuelpereira\Repos\Aviao_Cajada\EC020\firmware_src\CMSISv2p00_LPC17xx\Debug\libCMSISv2p00_LPC17xx.a(system_LPC17xx.o)
                              ./cr_startup_lpc17.o (SystemInit)
C:\Users\samuelpereira\Repos\Aviao_Cajada\EC020\firmware_src\Lib_MCU\Debug\libLib_MCU.a(lpc17xx_adc.o)
                              ./src/Services/Trimpot.o (ADC_Init)
C:\Users\samuelpereira\Repos\Aviao_Cajada\EC020\firmware_src\Lib_MCU\Debug\libLib_MCU.a(lpc17xx_clkpwr.o)
                              C:\Users\samuelpereira\Repos\Aviao_Cajada\EC020\firmware_src\Lib_MCU\Debug\libLib_MCU.a(lpc17xx_adc.o) (CLKPWR_GetPCLK)
C:\Users\samuelpereira\Repos\Aviao_Cajada\EC020\firmware_src\Lib_MCU\Debug\libLib_MCU.a(lpc17xx_gpio.o)
                              ./src/Services/Button.o (GPIO_SetDir)
C:\Users\samuelpereira\Repos\Aviao_Cajada\EC020\firmware_src\Lib_MCU\Debug\libLib_MCU.a(lpc17xx_i2c.o)
                              ./src/Services/Accelerometer.o (I2C_Init)
C:\Users\samuelpereira\Repos\Aviao_Cajada\EC020\firmware_src\Lib_MCU\Debug\libLib_MCU.a(lpc17xx_libcfg_default.o)
                              C:\Users\samuelpereira\Repos\Aviao_Cajada\EC020\firmware_src\Lib_MCU\Debug\libLib_MCU.a(lpc17xx_adc.o) (check_failed)
C:\Users\samuelpereira\Repos\Aviao_Cajada\EC020\firmware_src\Lib_MCU\Debug\libLib_MCU.a(lpc17xx_pinsel.o)
                              ./src/Services/Accelerometer.o (PINSEL_ConfigPin)
C:\Users\samuelpereira\Repos\Aviao_Cajada\EC020\firmware_src\Lib_MCU\Debug\libLib_MCU.a(lpc17xx_ssp.o)
                              ./src/Services/OLED_display.o (SSP_Init)
C:\Users\samuelpereira\Repos\Aviao_Cajada\EC020\firmware_src\Lib_EaBaseBoard\Debug\libLib_EaBaseBoard.a(acc.o)
                              ./src/Services/Accelerometer.o (acc_init)
C:\Users\samuelpereira\Repos\Aviao_Cajada\EC020\firmware_src\Lib_EaBaseBoard\Debug\libLib_EaBaseBoard.a(oled.o)
                              ./src/Services/OLED_display.o (oled_init)
C:\Users\samuelpereira\Repos\Aviao_Cajada\EC020\firmware_src\Lib_EaBaseBoard\Debug\libLib_EaBaseBoard.a(rgb.o)
                              ./src/Services/RGB_Leds.o (rgb_init)
C:\Users\samuelpereira\Repos\Aviao_Cajada\EC020\firmware_src\Lib_EaBaseBoard\Debug\libLib_EaBaseBoard.a(temp.o)
                              ./src/Services/Temperature.o (temp_init)
C:\Users\samuelpereira\Repos\Aviao_Cajada\EC020\firmware_src\Lib_EaBaseBoard\Debug\libLib_EaBaseBoard.a(font5x7.o)
                              C:\Users\samuelpereira\Repos\Aviao_Cajada\EC020\firmware_src\Lib_EaBaseBoard\Debug\libLib_EaBaseBoard.a(oled.o) (font5x7)
C:\Users\samuelpereira\Repos\Aviao_Cajada\EC020\firmware_src\FreeRTOS_Library\Debug\libFreeRTOS_Library.a(port.o)
                              ./cr_startup_lpc17.o (vPortSVCHandler)
C:\Users\samuelpereira\Repos\Aviao_Cajada\EC020\firmware_src\FreeRTOS_Library\Debug\libFreeRTOS_Library.a(basic_io.o)
                              ./src/MainApp.o (vPrintString)
C:\Users\samuelpereira\Repos\Aviao_Cajada\EC020\firmware_src\FreeRTOS_Library\Debug\libFreeRTOS_Library.a(consoleprint.o)
                              C:\Users\samuelpereira\Repos\Aviao_Cajada\EC020\firmware_src\FreeRTOS_Library\Debug\libFreeRTOS_Library.a(basic_io.o) (consoleprint)
C:\Users\samuelpereira\Repos\Aviao_Cajada\EC020\firmware_src\FreeRTOS_Library\Debug\libFreeRTOS_Library.a(tasks.o)
                              ./src/MainApp.o (xTaskGenericCreate)
C:\Users\samuelpereira\Repos\Aviao_Cajada\EC020\firmware_src\FreeRTOS_Library\Debug\libFreeRTOS_Library.a(heap_2.o)
                              C:\Users\samuelpereira\Repos\Aviao_Cajada\EC020\firmware_src\FreeRTOS_Library\Debug\libFreeRTOS_Library.a(tasks.o) (pvPortMalloc)
C:\Users\samuelpereira\Repos\Aviao_Cajada\EC020\firmware_src\FreeRTOS_Library\Debug\libFreeRTOS_Library.a(list.o)
                              C:\Users\samuelpereira\Repos\Aviao_Cajada\EC020\firmware_src\FreeRTOS_Library\Debug\libFreeRTOS_Library.a(tasks.o) (vListInitialise)
c:/nxp/lpcxpresso_8.2.2_650/lpcxpresso/tools/bin/../lib/gcc/arm-none-eabi/5.4.1/../../../../arm-none-eabi/lib/armv7-m\libcr_semihost.a(__sys_write.o)
                              C:\Users\samuelpereira\Repos\Aviao_Cajada\EC020\firmware_src\FreeRTOS_Library\Debug\libFreeRTOS_Library.a(consoleprint.o) (__write)
c:/nxp/lpcxpresso_8.2.2_650/lpcxpresso/tools/bin/../lib/gcc/arm-none-eabi/5.4.1/../../../../arm-none-eabi/lib/armv7-m\libcr_semihost.a(_cr__main.o)
                              ./cr_startup_lpc17.o (__main)
c:/nxp/lpcxpresso_8.2.2_650/lpcxpresso/tools/bin/../lib/gcc/arm-none-eabi/5.4.1/../../../../arm-none-eabi/lib/armv7-m\libcr_c.a(memcpy.o)
                              ./src/Services/HTTP/HTTP_Server.o (memcpy)
c:/nxp/lpcxpresso_8.2.2_650/lpcxpresso/tools/bin/../lib/gcc/arm-none-eabi/5.4.1/../../../../arm-none-eabi/lib/armv7-m\libcr_c.a(memset.o)
                              ./src/Services/HTTP/tcpip.o (memset)
[...]
Memory Configuration

Name             Origin             Length             Attributes
MFlash512        0x00000000         0x00080000         xr
RamLoc32         0x10000000         0x00008000         xrw
RamAHB32         0x2007c000         0x00008000         xrw
*default*        0x00000000         0xffffffff

Linker script and memory map

LOAD ./src/Services/HTTP/HTTP_Server.o
LOAD ./src/Services/HTTP/ethmac.o
LOAD ./src/Services/HTTP/tcpip.o
LOAD ./src/Services/Accelerometer.o
LOAD ./src/Services/Button.o
LOAD ./src/Services/OLED_display.o
LOAD ./src/Services/RGB_Leds.o
LOAD ./src/Services/Systick.o
LOAD ./src/Services/Temperature.o
LOAD ./src/Services/Trimpot.o
LOAD ./src/MainApp.o
LOAD ./src/cr_startup_lpc17.o
LOAD ./src/helper.o
LOAD ./cr_startup_lpc17.o
LOAD ./main.o
LOAD C:\Users\samuelpereira\Repos\Aviao_Cajada\EC020\firmware_src\CMSISv2p00_LPC17xx\Debug\libCMSISv2p00_LPC17xx.a
LOAD C:\Users\samuelpereira\Repos\Aviao_Cajada\EC020\firmware_src\Lib_MCU\Debug\libLib_MCU.a
LOAD C:\Users\samuelpereira\Repos\Aviao_Cajada\EC020\firmware_src\Lib_EaBaseBoard\Debug\libLib_EaBaseBoard.a
LOAD C:\Users\samuelpereira\Repos\Aviao_Cajada\EC020\firmware_src\FreeRTOS_Library\Debug\libFreeRTOS_Library.a
START GROUP
LOAD c:/nxp/lpcxpresso_8.2.2_650/lpcxpresso/tools/bin/../lib/gcc/arm-none-eabi/5.4.1/../../../../arm-none-eabi/lib/armv7-m\libcr_semihost.a
LOAD c:/nxp/lpcxpresso_8.2.2_650/lpcxpresso/tools/bin/../lib/gcc/arm-none-eabi/5.4.1/../../../../arm-none-eabi/lib/armv7-m\libcr_c.a
LOAD c:/nxp/lpcxpresso_8.2.2_650/lpcxpresso/tools/bin/../lib/gcc/arm-none-eabi/5.4.1/armv7-m\libcr_eabihelpers.a
END GROUP
                0x00000000                __base_MFlash512 = 0x0
                0x00000000                __base_Flash = 0x0
                0x00080000                __top_MFlash512 = 0x80000
                0x00080000                __top_Flash = 0x80000
                0x10000000                __base_RamLoc32 = 0x10000000
                0x10000000                __base_RAM = 0x10000000
                0x10008000                __top_RamLoc32 = 0x10008000
                0x10008000                __top_RAM = 0x10008000
                0x2007c000                __base_RamAHB32 = 0x2007c000
                0x2007c000                __base_RAM2 = 0x2007c000
                0x20084000                __top_RamAHB32 = 0x20084000
                0x20084000                __top_RAM2 = 0x20084000

.text           0x00000000     0x7fc8
 FILL mask 0xff
                0x00000000                __vectors_start__ = ABSOLUTE (.)
 *(.isr_vector)
 .isr_vector    0x00000000       0xcc ./cr_startup_lpc17.o
                0x00000000                g_pfnVectors
                0x000000cc                . = ALIGN (0x4)
                0x000000cc                __section_table_start = .
                0x000000cc                __data_section_table = .
                0x000000cc        0x4 LONG 0x7fc8 LOADADDR (.data)
                0x000000d0        0x4 LONG 0x10000000 ADDR (.data)
                0x000000d4        0x4 LONG 0x498 SIZEOF (.data)
                0x000000d8        0x4 LONG 0x7fc8 LOADADDR (.data_RAM2)
                0x000000dc        0x4 LONG 0x2007c000 ADDR (.data_RAM2)
                0x000000e0        0x4 LONG 0x0 SIZEOF (.data_RAM2)
                0x000000e4                __data_section_table_end = .
                0x000000e4                __bss_section_table = .
                0x000000e4        0x4 LONG 0x10000498 ADDR (.bss)
                0x000000e8        0x4 LONG 0x31e4 SIZEOF (.bss)
                0x000000ec        0x4 LONG 0x2007c000 ADDR (.bss_RAM2)
                0x000000f0        0x4 LONG 0x0 SIZEOF (.bss_RAM2)
                0x000000f4                __bss_section_table_end = .
                0x000000f4                __section_table_end = .
 *(.after_vectors*)
 *(.text*)
 .text.HTTP_Server_reset
                0x000000f4       0x1c ./src/Services/HTTP/HTTP_Server.o
                0x000000f4                HTTP_Server_reset
 .text.InsertDynamicValues
                0x00000110       0xc8 ./src/Services/HTTP/HTTP_Server.o
                0x00000110                InsertDynamicValues
 .text.HTTP_Server_process
                0x000001d8      0x100 ./src/Services/HTTP/HTTP_Server.o
                0x000001d8                HTTP_Server_process
 .text.WriteToPHY
                0x000002d8       0x2c ./src/Services/HTTP/ethmac.o
                0x000002d8                WriteToPHY
 .text.ReadFromPHY
                0x00000304       0x3c ./src/Services/HTTP/ethmac.o
                0x00000304                ReadFromPHY
 .text.Init_EthMAC
                0x00000340      0x31c ./src/Services/HTTP/ethmac.o
                0x00000340                Init_EthMAC
 .text.WriteFrame_EthMAC
                0x0000065c       0x10 ./src/Services/HTTP/ethmac.o
                0x0000065c                WriteFrame_EthMAC
 .text.CopyToFrame_EthMAC
                0x0000066c       0x34 ./src/Services/HTTP/ethmac.o
                0x0000066c                CopyToFrame_EthMAC
 .text.ReadFrame_EthMAC
                0x000006a0       0x10 ./src/Services/HTTP/ethmac.o
                0x000006a0                ReadFrame_EthMAC
 .text.ReadFrameBE_EthMAC
                0x000006b0       0x18 ./src/Services/HTTP/ethmac.o
                0x000006b0                ReadFrameBE_EthMAC
 .text.CopyFromFrame_EthMAC
                0x000006c8       0x34 ./src/Services/HTTP/ethmac.o
                0x000006c8                CopyFromFrame_EthMAC
 .text.DummyReadFrame_EthMAC
                0x000006fc       0x18 ./src/Services/HTTP/ethmac.o
                0x000006fc                DummyReadFrame_EthMAC
 .text.RequestSend
                0x00000714       0x24 ./src/Services/HTTP/ethmac.o
                0x00000714                RequestSend
 .text.Rdy4Tx   0x00000738        0x4 ./src/Services/HTTP/ethmac.o
                0x00000738                Rdy4Tx
 .text.StartReadingFrame
                0x0000073c       0x2c ./src/Services/HTTP/ethmac.o
                0x0000073c                StartReadingFrame
 .text.StopReadingFrame
                0x00000768       0x1c ./src/Services/HTTP/ethmac.o
                0x00000768                StopReadingFrame
 .text.CheckIfFrameReceived
                0x00000784       0x14 ./src/Services/HTTP/ethmac.o
                0x00000784                CheckIfFrameReceived
 .text.TCPLowLevelInit
                0x00000798       0x3c ./src/Services/HTTP/tcpip.o
                0x00000798                TCPLowLevelInit
 .text.TCPPassiveOpen
                0x000007d4       0x28 ./src/Services/HTTP/tcpip.o
                0x000007d4                TCPPassiveOpen
 .text.TCPClose
                0x000007fc       0x3c ./src/Services/HTTP/tcpip.o
                0x000007fc                TCPClose
 .text.TCPReleaseRxBuffer
                0x00000838       0x10 ./src/Services/HTTP/tcpip.o
                0x00000838                TCPReleaseRxBuffer
 .text.BroadcastMessage
                0x00000848       0x58 ./src/Services/HTTP/tcpip.o
                0x00000848                BroadcastMessage
 .text.PrepareARP_REQUEST
                0x000008a0       0xc8 ./src/Services/HTTP/tcpip.o
                0x000008a0                PrepareARP_REQUEST
 .text.PrepareARP_ANSWER
                0x00000968       0x98 ./src/Services/HTTP/tcpip.o
                0x00000968                PrepareARP_ANSWER
 .text.ProcessEthBroadcastFrame
                0x00000a00       0x74 ./src/Services/HTTP/tcpip.o
                0x00000a00                ProcessEthBroadcastFrame
 .text.CalcChecksum
                0x00000a74       0x6c ./src/Services/HTTP/tcpip.o
                0x00000a74                CalcChecksum
 .text.PrepareICMP_ECHO_REPLY
                0x00000ae0       0xe0 ./src/Services/HTTP/tcpip.o
                0x00000ae0                PrepareICMP_ECHO_REPLY
 .text.ProcessICMPFrame
                0x00000bc0       0x1c ./src/Services/HTTP/tcpip.o
                0x00000bc0                ProcessICMPFrame
 .text.TCPStartRetryTimer
                0x00000bdc       0x24 ./src/Services/HTTP/tcpip.o
                0x00000bdc                TCPStartRetryTimer
 .text.TCPTransmitTxBuffer
                0x00000c00       0x64 ./src/Services/HTTP/tcpip.o
                0x00000c00                TCPTransmitTxBuffer
 .text.TCPStartTimeWaitTimer
                0x00000c64       0x20 ./src/Services/HTTP/tcpip.o
                0x00000c64                TCPStartTimeWaitTimer
 .text.TCPStopTimer
                0x00000c84       0x10 ./src/Services/HTTP/tcpip.o
                0x00000c84                TCPStopTimer
 .text.TCPHandleTimeout
                0x00000c94       0x30 ./src/Services/HTTP/tcpip.o
                0x00000c94                TCPHandleTimeout
 .text.TCPClockHandler
                0x00000cc4       0x1c ./src/Services/HTTP/tcpip.o
                0x00000cc4                TCPClockHandler
 .text.SendFrame1
                0x00000ce0       0x18 ./src/Services/HTTP/tcpip.o
                0x00000ce0                SendFrame1
 .text.SendFrame2
                0x00000cf8       0x18 ./src/Services/HTTP/tcpip.o
                0x00000cf8                SendFrame2
 .text.WriteDWBE
                0x00000d10       0x10 ./src/Services/HTTP/tcpip.o
                0x00000d10                WriteDWBE
 .text.PrepareTCP_FRAME
                0x00000d20      0x12c ./src/Services/HTTP/tcpip.o
                0x00000d20                PrepareTCP_FRAME
 .text.ProcessTCPFrame
                0x00000e4c      0x434 ./src/Services/HTTP/tcpip.o
                0x00000e4c                ProcessTCPFrame
 .text.ProcessEthIAFrame
                0x00001280       0xdc ./src/Services/HTTP/tcpip.o
                0x00001280                ProcessEthIAFrame
 .text.TCPHandleRetransmission
                0x0000135c       0x48 ./src/Services/HTTP/tcpip.o
                0x0000135c                TCPHandleRetransmission
 .text.PrepareTCP_DATA_FRAME
                0x000013a4       0xe0 ./src/Services/HTTP/tcpip.o
                0x000013a4                PrepareTCP_DATA_FRAME
 .text.DoNetworkStuff
                0x00001484      0x1f4 ./src/Services/HTTP/tcpip.o
                0x00001484                DoNetworkStuff
 .text.SwapBytes
                0x00001678        0xc ./src/Services/HTTP/tcpip.o
                0x00001678                SwapBytes
 .text.Accelerometer_init
                0x00001684       0x88 ./src/Services/Accelerometer.o
                0x00001684                Accelerometer_init
 .text.Accelerometer_read
                0x0000170c       0x38 ./src/Services/Accelerometer.o
                0x0000170c                Accelerometer_read
 .text.Accelerometer_getX
                0x00001744        0xc ./src/Services/Accelerometer.o
                0x00001744                Accelerometer_getX
 .text.Accelerometer_getY
                0x00001750        0xc ./src/Services/Accelerometer.o
                0x00001750                Accelerometer_getY
 .text.Accelerometer_getZ
                0x0000175c        0xc ./src/Services/Accelerometer.o
                0x0000175c                Accelerometer_getZ
 .text.Button_init
                0x00001768       0x10 ./src/Services/Button.o
                0x00001768                Button_init
 .text.Button_read
                0x00001778       0x10 ./src/Services/Button.o
                0x00001778                Button_read
 .text.OLED_display_fillRect
                0x00001788       0x10 ./src/Services/OLED_display.o
                0x00001788                OLED_display_fillRect
 .text.OLED_display_clearScreen
                0x00001798        0xc ./src/Services/OLED_display.o
                0x00001798                OLED_display_clearScreen
 .text.OLED_display_init
                0x000017a4       0x78 ./src/Services/OLED_display.o
                0x000017a4                OLED_display_init
 .text.OLED_display_putString
                0x0000181c       0x14 ./src/Services/OLED_display.o
                0x0000181c                OLED_display_putString
 .text.RGB_Leds_init
                0x00001830       0x10 ./src/Services/RGB_Leds.o
                0x00001830                RGB_Leds_init
 .text.RGB_Leds_setLeds
                0x00001840        0x8 ./src/Services/RGB_Leds.o
                0x00001840                RGB_Leds_setLeds
 .text.SysTick_Handler
                0x00001848       0x64 ./src/Services/Systick.o
                0x00001848                SysTick_Handler
 .text.Start_SysTick1ms
                0x000018ac       0x34 ./src/Services/Systick.o
                0x000018ac                Start_SysTick1ms
 .text.getTicks
                0x000018e0        0xc ./src/Services/Systick.o
                0x000018e0                getTicks
 .text.Temperature_init
                0x000018ec        0x8 ./src/Services/Temperature.o
                0x000018ec                Temperature_init
 .text.Temperature_read
                0x000018f4       0x10 ./src/Services/Temperature.o
                0x000018f4                Temperature_read
 .text.Temperature_getTemp
                0x00001904        0xc ./src/Services/Temperature.o
                0x00001904                Temperature_getTemp
 .text.Trimpot_init
                0x00001910       0x50 ./src/Services/Trimpot.o
                0x00001910                Trimpot_init
 .text.Trimpot_read
                0x00001960       0x2c ./src/Services/Trimpot.o
                0x00001960                Trimpot_read
 .text.vTask1   0x0000198c      0x24c ./src/MainApp.o
                0x0000198c                vTask1
 .text.vTask2   0x00001bd8       0x30 ./src/MainApp.o
                0x00001bd8                vTask2
 .text.main     0x00001c08       0x50 ./src/MainApp.o
                0x00001c08                main
 .text.vApplicationMallocFailedHook
                0x00001c58        0x4 ./src/MainApp.o
                0x00001c58                vApplicationMallocFailedHook
 .text.vApplicationStackOverflowHook
                0x00001c5c        0x4 ./src/MainApp.o
                0x00001c5c                vApplicationStackOverflowHook
 .text.vApplicationIdleHook
                0x00001c60        0x4 ./src/MainApp.o
                0x00001c60                vApplicationIdleHook
 .text.vApplicationTickHook
                0x00001c64        0x4 ./src/MainApp.o
                0x00001c64                vApplicationTickHook
 .text.intToString
                0x00001c68       0x54 ./src/helper.o
                0x00001c68                intToString
 .text.NMI_Handler
                0x00001cbc        0x4 ./cr_startup_lpc17.o
                0x00001cbc                NMI_Handler
 .text.HardFault_Handler
                0x00001cc0        0x4 ./cr_startup_lpc17.o
                0x00001cc0                HardFault_Handler
 .text.MemManage_Handler
                0x00001cc4        0x4 ./cr_startup_lpc17.o
                0x00001cc4                MemManage_Handler
 .text.BusFault_Handler
                0x00001cc8        0x4 ./cr_startup_lpc17.o
                0x00001cc8                BusFault_Handler
 .text.UsageFault_Handler
                0x00001ccc        0x4 ./cr_startup_lpc17.o
                0x00001ccc                UsageFault_Handler
 .text.DebugMon_Handler
                0x00001cd0        0x4 ./cr_startup_lpc17.o
                0x00001cd0                DebugMon_Handler
 .text.IntDefaultHandler
                0x00001cd4        0x4 ./cr_startup_lpc17.o
                0x00001cd4                TIMER2_IRQHandler
                0x00001cd4                RIT_IRQHandler
                0x00001cd4                I2C0_IRQHandler
                0x00001cd4                USBActivity_IRQHandler
                0x00001cd4                PWM1_IRQHandler
                0x00001cd4                I2C1_IRQHandler
                0x00001cd4                EINT2_IRQHandler
                0x00001cd4                UART1_IRQHandler
                0x00001cd4                EINT3_IRQHandler
                0x00001cd4                CANActivity_IRQHandler
                0x00001cd4                TIMER3_IRQHandler
                0x00001cd4                UART0_IRQHandler
                0x00001cd4                IntDefaultHandler
                0x00001cd4                PLL0_IRQHandler
                0x00001cd4                CAN_IRQHandler
                0x00001cd4                PLL1_IRQHandler
                0x00001cd4                SSP0_IRQHandler
                0x00001cd4                I2S_IRQHandler
                0x00001cd4                I2C2_IRQHandler
                0x00001cd4                RTC_IRQHandler
                0x00001cd4                TIMER0_IRQHandler
                0x00001cd4                SPI_IRQHandler
                0x00001cd4                EINT1_IRQHandler
                0x00001cd4                TIMER1_IRQHandler
                0x00001cd4                UART2_IRQHandler
                0x00001cd4                ADC_IRQHandler
                0x00001cd4                SSP1_IRQHandler
                0x00001cd4                USB_IRQHandler
                0x00001cd4                BOD_IRQHandler
                0x00001cd4                WDT_IRQHandler
                0x00001cd4                QEI_IRQHandler
                0x00001cd4                EINT0_IRQHandler
                0x00001cd4                DMA_IRQHandler
                0x00001cd4                UART3_IRQHandler
                0x00001cd4                MCPWM_IRQHandler
                0x00001cd4                ENET_IRQHandler
 .text.ResetISR
                0x00001cd8       0x58 ./cr_startup_lpc17.o
                0x00001cd8                ResetISR
 .text.SystemInit
                0x00001d30       0xe4 C:\Users\samuelpereira\Repos\Aviao_Cajada\EC020\firmware_src\CMSISv2p00_LPC17xx\Debug\libCMSISv2p00_LPC17xx.a(system_LPC17xx.o)
                0x00001d30                SystemInit
 .text.ADC_Init
                0x00001e14       0x78 C:\Users\samuelpereira\Repos\Aviao_Cajada\EC020\firmware_src\Lib_MCU\Debug\libLib_MCU.a(lpc17xx_adc.o)
                0x00001e14                ADC_Init
 .text.ADC_StartCmd
                0x00001e8c       0x80 C:\Users\samuelpereira\Repos\Aviao_Cajada\EC020\firmware_src\Lib_MCU\Debug\libLib_MCU.a(lpc17xx_adc.o)
                0x00001e8c                ADC_StartCmd
 .text.ADC_IntConfig
                0x00001f0c       0x9c C:\Users\samuelpereira\Repos\Aviao_Cajada\EC020\firmware_src\Lib_MCU\Debug\libLib_MCU.a(lpc17xx_adc.o)
                0x00001f0c                ADC_IntConfig
 .text.ADC_ChannelCmd
                0x00001fa8       0x60 C:\Users\samuelpereira\Repos\Aviao_Cajada\EC020\firmware_src\Lib_MCU\Debug\libLib_MCU.a(lpc17xx_adc.o)
                0x00001fa8                ADC_ChannelCmd
 .text.ADC_ChannelGetData
                0x00002008       0x48 C:\Users\samuelpereira\Repos\Aviao_Cajada\EC020\firmware_src\Lib_MCU\Debug\libLib_MCU.a(lpc17xx_adc.o)
                0x00002008                ADC_ChannelGetData
 .text.ADC_ChannelGetStatus
                0x00002050       0x7c C:\Users\samuelpereira\Repos\Aviao_Cajada\EC020\firmware_src\Lib_MCU\Debug\libLib_MCU.a(lpc17xx_adc.o)
                0x00002050                ADC_ChannelGetStatus
 .text.CLKPWR_SetPCLKDiv
                0x000020cc       0x8c C:\Users\samuelpereira\Repos\Aviao_Cajada\EC020\firmware_src\Lib_MCU\Debug\libLib_MCU.a(lpc17xx_clkpwr.o)
                0x000020cc                CLKPWR_SetPCLKDiv
 .text.CLKPWR_GetPCLKSEL
                0x00002158       0x48 C:\Users\samuelpereira\Repos\Aviao_Cajada\EC020\firmware_src\Lib_MCU\Debug\libLib_MCU.a(lpc17xx_clkpwr.o)
                0x00002158                CLKPWR_GetPCLKSEL
 .text.CLKPWR_GetPCLK
                0x000021a0       0x64 C:\Users\samuelpereira\Repos\Aviao_Cajada\EC020\firmware_src\Lib_MCU\Debug\libLib_MCU.a(lpc17xx_clkpwr.o)
                0x000021a0                CLKPWR_GetPCLK
 .text.CLKPWR_ConfigPPWR
                0x00002204       0x58 C:\Users\samuelpereira\Repos\Aviao_Cajada\EC020\firmware_src\Lib_MCU\Debug\libLib_MCU.a(lpc17xx_clkpwr.o)
                0x00002204                CLKPWR_ConfigPPWR
 .text.GPIO_GetPointer
                0x0000225c       0x70 C:\Users\samuelpereira\Repos\Aviao_Cajada\EC020\firmware_src\Lib_MCU\Debug\libLib_MCU.a(lpc17xx_gpio.o)
 .text.GPIO_SetDir
                0x000022cc       0x4c C:\Users\samuelpereira\Repos\Aviao_Cajada\EC020\firmware_src\Lib_MCU\Debug\libLib_MCU.a(lpc17xx_gpio.o)
                0x000022cc                GPIO_SetDir
 .text.GPIO_SetValue
                0x00002318       0x2c C:\Users\samuelpereira\Repos\Aviao_Cajada\EC020\firmware_src\Lib_MCU\Debug\libLib_MCU.a(lpc17xx_gpio.o)
                0x00002318                GPIO_SetValue
 .text.GPIO_ClearValue
                0x00002344       0x2c C:\Users\samuelpereira\Repos\Aviao_Cajada\EC020\firmware_src\Lib_MCU\Debug\libLib_MCU.a(lpc17xx_gpio.o)
                0x00002344                GPIO_ClearValue
 .text.GPIO_ReadValue
                0x00002370       0x2c C:\Users\samuelpereira\Repos\Aviao_Cajada\EC020\firmware_src\Lib_MCU\Debug\libLib_MCU.a(lpc17xx_gpio.o)
                0x00002370                GPIO_ReadValue
 .text.NVIC_EnableIRQ
                0x0000239c       0x30 C:\Users\samuelpereira\Repos\Aviao_Cajada\EC020\firmware_src\Lib_MCU\Debug\libLib_MCU.a(lpc17xx_i2c.o)
 .text.NVIC_DisableIRQ
                0x000023cc       0x34 C:\Users\samuelpereira\Repos\Aviao_Cajada\EC020\firmware_src\Lib_MCU\Debug\libLib_MCU.a(lpc17xx_i2c.o)
 .text.I2C_getNum
                0x00002400       0x48 C:\Users\samuelpereira\Repos\Aviao_Cajada\EC020\firmware_src\Lib_MCU\Debug\libLib_MCU.a(lpc17xx_i2c.o)
 .text.I2C_Start
                0x00002448       0x3c C:\Users\samuelpereira\Repos\Aviao_Cajada\EC020\firmware_src\Lib_MCU\Debug\libLib_MCU.a(lpc17xx_i2c.o)
 .text.I2C_Stop
                0x00002484       0x30 C:\Users\samuelpereira\Repos\Aviao_Cajada\EC020\firmware_src\Lib_MCU\Debug\libLib_MCU.a(lpc17xx_i2c.o)
 .text.I2C_SendByte
                0x000024b4       0x4c C:\Users\samuelpereira\Repos\Aviao_Cajada\EC020\firmware_src\Lib_MCU\Debug\libLib_MCU.a(lpc17xx_i2c.o)
 .text.I2C_GetByte
                0x00002500       0x54 C:\Users\samuelpereira\Repos\Aviao_Cajada\EC020\firmware_src\Lib_MCU\Debug\libLib_MCU.a(lpc17xx_i2c.o)
 .text.I2C_IntCmd
                0x00002554       0x88 C:\Users\samuelpereira\Repos\Aviao_Cajada\EC020\firmware_src\Lib_MCU\Debug\libLib_MCU.a(lpc17xx_i2c.o)
                0x00002554                I2C_IntCmd
 .text.I2C_MasterHandler
                0x000025dc      0x3a0 C:\Users\samuelpereira\Repos\Aviao_Cajada\EC020\firmware_src\Lib_MCU\Debug\libLib_MCU.a(lpc17xx_i2c.o)
                0x000025dc                I2C_MasterHandler
 .text.I2C_SetClock
                0x0000297c       0xa4 C:\Users\samuelpereira\Repos\Aviao_Cajada\EC020\firmware_src\Lib_MCU\Debug\libLib_MCU.a(lpc17xx_i2c.o)
                0x0000297c                I2C_SetClock
 .text.I2C_Init
                0x00002a20       0xa4 C:\Users\samuelpereira\Repos\Aviao_Cajada\EC020\firmware_src\Lib_MCU\Debug\libLib_MCU.a(lpc17xx_i2c.o)
                0x00002a20                I2C_Init
 .text.I2C_Cmd  0x00002ac4       0x70 C:\Users\samuelpereira\Repos\Aviao_Cajada\EC020\firmware_src\Lib_MCU\Debug\libLib_MCU.a(lpc17xx_i2c.o)
                0x00002ac4                I2C_Cmd
 .text.I2C_MasterTransferData
                0x00002b34      0x2f8 C:\Users\samuelpereira\Repos\Aviao_Cajada\EC020\firmware_src\Lib_MCU\Debug\libLib_MCU.a(lpc17xx_i2c.o)
                0x00002b34                I2C_MasterTransferData
 .text.check_failed
                0x00002e2c        0xc C:\Users\samuelpereira\Repos\Aviao_Cajada\EC020\firmware_src\Lib_MCU\Debug\libLib_MCU.a(lpc17xx_libcfg_default.o)
                0x00002e2c                check_failed
 .text.PINSEL_SetPinFunc
                0x00002e38       0x84 C:\Users\samuelpereira\Repos\Aviao_Cajada\EC020\firmware_src\Lib_MCU\Debug\libLib_MCU.a(lpc17xx_pinsel.o)
                0x00002e38                PINSEL_SetPinFunc
 .text.PINSEL_SetResistorMode
                0x00002ebc       0x84 C:\Users\samuelpereira\Repos\Aviao_Cajada\EC020\firmware_src\Lib_MCU\Debug\libLib_MCU.a(lpc17xx_pinsel.o)
                0x00002ebc                PINSEL_SetResistorMode
 .text.PINSEL_SetOpenDrainMode
                0x00002f40       0x6c C:\Users\samuelpereira\Repos\Aviao_Cajada\EC020\firmware_src\Lib_MCU\Debug\libLib_MCU.a(lpc17xx_pinsel.o)
                0x00002f40                PINSEL_SetOpenDrainMode
 .text.PINSEL_ConfigPin
                0x00002fac       0x48 C:\Users\samuelpereira\Repos\Aviao_Cajada\EC020\firmware_src\Lib_MCU\Debug\libLib_MCU.a(lpc17xx_pinsel.o)
                0x00002fac                PINSEL_ConfigPin
 .text.SSP_getNum
                0x00002ff4       0x38 C:\Users\samuelpereira\Repos\Aviao_Cajada\EC020\firmware_src\Lib_MCU\Debug\libLib_MCU.a(lpc17xx_ssp.o)
 .text.SSP_IntHandler
                0x0000302c      0x2cc C:\Users\samuelpereira\Repos\Aviao_Cajada\EC020\firmware_src\Lib_MCU\Debug\libLib_MCU.a(lpc17xx_ssp.o)
                0x0000302c                SSP_IntHandler
 .text.SSP_SetClock
                0x000032f8       0xc4 C:\Users\samuelpereira\Repos\Aviao_Cajada\EC020\firmware_src\Lib_MCU\Debug\libLib_MCU.a(lpc17xx_ssp.o)
                0x000032f8                SSP_SetClock
 .text.SSP_Init
                0x000033bc       0xd8 C:\Users\samuelpereira\Repos\Aviao_Cajada\EC020\firmware_src\Lib_MCU\Debug\libLib_MCU.a(lpc17xx_ssp.o)
                0x000033bc                SSP_Init
 .text.SSP_ConfigStructInit
                0x00003494       0x3c C:\Users\samuelpereira\Repos\Aviao_Cajada\EC020\firmware_src\Lib_MCU\Debug\libLib_MCU.a(lpc17xx_ssp.o)
                0x00003494                SSP_ConfigStructInit
 .text.SSP_Cmd  0x000034d0       0x70 C:\Users\samuelpereira\Repos\Aviao_Cajada\EC020\firmware_src\Lib_MCU\Debug\libLib_MCU.a(lpc17xx_ssp.o)
                0x000034d0                SSP_Cmd
 .text.SSP_SendData
                0x00003540       0x40 C:\Users\samuelpereira\Repos\Aviao_Cajada\EC020\firmware_src\Lib_MCU\Debug\libLib_MCU.a(lpc17xx_ssp.o)
                0x00003540                SSP_SendData
 .text.SSP_ReceiveData
                0x00003580       0x3c C:\Users\samuelpereira\Repos\Aviao_Cajada\EC020\firmware_src\Lib_MCU\Debug\libLib_MCU.a(lpc17xx_ssp.o)
                0x00003580                SSP_ReceiveData
 .text.SSP_ReadWrite
                0x000035bc      0x3c0 C:\Users\samuelpereira\Repos\Aviao_Cajada\EC020\firmware_src\Lib_MCU\Debug\libLib_MCU.a(lpc17xx_ssp.o)
                0x000035bc                SSP_ReadWrite
 .text.I2CRead  0x0000397c       0x50 C:\Users\samuelpereira\Repos\Aviao_Cajada\EC020\firmware_src\Lib_EaBaseBoard\Debug\libLib_EaBaseBoard.a(acc.o)
 .text.I2CWrite
                0x000039cc       0x50 C:\Users\samuelpereira\Repos\Aviao_Cajada\EC020\firmware_src\Lib_EaBaseBoard\Debug\libLib_EaBaseBoard.a(acc.o)
 .text.getStatus
                0x00003a1c       0x2c C:\Users\samuelpereira\Repos\Aviao_Cajada\EC020\firmware_src\Lib_EaBaseBoard\Debug\libLib_EaBaseBoard.a(acc.o)
 .text.setModeControl
                0x00003a48       0x28 C:\Users\samuelpereira\Repos\Aviao_Cajada\EC020\firmware_src\Lib_EaBaseBoard\Debug\libLib_EaBaseBoard.a(acc.o)
 .text.acc_init
                0x00003a70       0x10 C:\Users\samuelpereira\Repos\Aviao_Cajada\EC020\firmware_src\Lib_EaBaseBoard\Debug\libLib_EaBaseBoard.a(acc.o)
                0x00003a70                acc_init
 .text.acc_read
                0x00003a80       0x9c C:\Users\samuelpereira\Repos\Aviao_Cajada\EC020\firmware_src\Lib_EaBaseBoard\Debug\libLib_EaBaseBoard.a(acc.o)
                0x00003a80                acc_read
 .text.writeCommand
                0x00003b1c       0x48 C:\Users\samuelpereira\Repos\Aviao_Cajada\EC020\firmware_src\Lib_EaBaseBoard\Debug\libLib_EaBaseBoard.a(oled.o)
 .text.writeData
                0x00003b64       0x48 C:\Users\samuelpereira\Repos\Aviao_Cajada\EC020\firmware_src\Lib_EaBaseBoard\Debug\libLib_EaBaseBoard.a(oled.o)
 .text.writeDataLen
                0x00003bac       0x78 C:\Users\samuelpereira\Repos\Aviao_Cajada\EC020\firmware_src\Lib_EaBaseBoard\Debug\libLib_EaBaseBoard.a(oled.o)
 .text.runInitSequence
                0x00003c24       0xd4 C:\Users\samuelpereira\Repos\Aviao_Cajada\EC020\firmware_src\Lib_EaBaseBoard\Debug\libLib_EaBaseBoard.a(oled.o)
 .text.hLine    0x00003cf8       0x58 C:\Users\samuelpereira\Repos\Aviao_Cajada\EC020\firmware_src\Lib_EaBaseBoard\Debug\libLib_EaBaseBoard.a(oled.o)
 .text.vLine    0x00003d50       0x58 C:\Users\samuelpereira\Repos\Aviao_Cajada\EC020\firmware_src\Lib_EaBaseBoard\Debug\libLib_EaBaseBoard.a(oled.o)
 .text.oled_init
                0x00003da8       0x74 C:\Users\samuelpereira\Repos\Aviao_Cajada\EC020\firmware_src\Lib_EaBaseBoard\Debug\libLib_EaBaseBoard.a(oled.o)
                0x00003da8                oled_init
 .text.oled_putPixel
                0x00003e1c      0x150 C:\Users\samuelpereira\Repos\Aviao_Cajada\EC020\firmware_src\Lib_EaBaseBoard\Debug\libLib_EaBaseBoard.a(oled.o)
                0x00003e1c                oled_putPixel
 .text.oled_fillRect
                0x00003f6c       0xa0 C:\Users\samuelpereira\Repos\Aviao_Cajada\EC020\firmware_src\Lib_EaBaseBoard\Debug\libLib_EaBaseBoard.a(oled.o)
                0x00003f6c                oled_fillRect
 .text.oled_clearScreen
                0x0000400c       0x64 C:\Users\samuelpereira\Repos\Aviao_Cajada\EC020\firmware_src\Lib_EaBaseBoard\Debug\libLib_EaBaseBoard.a(oled.o)
                0x0000400c                oled_clearScreen
 .text.oled_putChar
                0x00004070       0xd8 C:\Users\samuelpereira\Repos\Aviao_Cajada\EC020\firmware_src\Lib_EaBaseBoard\Debug\libLib_EaBaseBoard.a(oled.o)
                0x00004070                oled_putChar
 .text.oled_putString
                0x00004148       0x54 C:\Users\samuelpereira\Repos\Aviao_Cajada\EC020\firmware_src\Lib_EaBaseBoard\Debug\libLib_EaBaseBoard.a(oled.o)
                0x00004148                oled_putString
 .text.rgb_init
                0x0000419c       0x28 C:\Users\samuelpereira\Repos\Aviao_Cajada\EC020\firmware_src\Lib_EaBaseBoard\Debug\libLib_EaBaseBoard.a(rgb.o)
                0x0000419c                rgb_init
 .text.rgb_setLeds
                0x000041c4       0x50 C:\Users\samuelpereira\Repos\Aviao_Cajada\EC020\firmware_src\Lib_EaBaseBoard\Debug\libLib_EaBaseBoard.a(rgb.o)
                0x000041c4                rgb_setLeds
 .text.temp_init
                0x00004214       0x24 C:\Users\samuelpereira\Repos\Aviao_Cajada\EC020\firmware_src\Lib_EaBaseBoard\Debug\libLib_EaBaseBoard.a(temp.o)
                0x00004214                temp_init
 .text.temp_read
                0x00004238       0xf0 C:\Users\samuelpereira\Repos\Aviao_Cajada\EC020\firmware_src\Lib_EaBaseBoard\Debug\libLib_EaBaseBoard.a(temp.o)
                0x00004238                temp_read
 .text          0x00004328      0x130 C:\Users\samuelpereira\Repos\Aviao_Cajada\EC020\firmware_src\FreeRTOS_Library\Debug\libFreeRTOS_Library.a(port.o)
                0x00004328                pxPortInitialiseStack
                0x00004344                vPortSVCHandler
                0x00004364                vPortStartFirstTask
                0x00004370                xPortStartScheduler
                0x000043ac                vPortEndScheduler
                0x000043b0                vPortYieldFromISR
                0x000043c0                vPortEnterCritical
                0x000043d8                vPortExitCritical
                0x000043f0                xPortPendSVHandler
                0x0000442c                xPortSysTickHandler
 .text          0x00004458       0x50 C:\Users\samuelpereira\Repos\Aviao_Cajada\EC020\firmware_src\FreeRTOS_Library\Debug\libFreeRTOS_Library.a(basic_io.o)
                0x00004458                vPrintString
                0x0000447c                vPrintStringAndNumber
 .text          0x000044a8       0x14 C:\Users\samuelpereira\Repos\Aviao_Cajada\EC020\firmware_src\FreeRTOS_Library\Debug\libFreeRTOS_Library.a(consoleprint.o)
                0x000044a8                consoleprint
 .text          0x000044bc      0xa58 C:\Users\samuelpereira\Repos\Aviao_Cajada\EC020\firmware_src\FreeRTOS_Library\Debug\libFreeRTOS_Library.a(tasks.o)
                0x000044bc                xTaskGenericCreate
                0x0000464c                vTaskDelete
                0x000046b4                uxTaskPriorityGet
                0x000046d0                vTaskPrioritySet
                0x00004768                vTaskSuspend
                0x000047f0                xTaskIsTaskSuspended
                0x00004814                vTaskResume
                0x00004878                xTaskResumeFromISR
                0x000048e8                vTaskStartScheduler
                0x00004930                vTaskEndScheduler
                0x0000494c                vTaskSuspendAll
                0x00004960                xTaskGetTickCount
                0x00004978                uxTaskGetNumberOfTasks
                0x00004984                vTaskIncrementTick
                0x00004a38                xTaskResumeAll
                0x00004b0c                vTaskDelayUntil
                0x00004b8c                vTaskDelay
                0x00004c38                vTaskSwitchContext
                0x00004cf8                vTaskPlaceOnEventList
                0x00004d50                xTaskRemoveFromEventList
                0x00004dc4                vTaskSetTimeOutState
                0x00004dd8                xTaskCheckForTimeOut
                0x00004e3c                vTaskMissedYield
                0x00004e4c                xTaskGetCurrentTaskHandle
                0x00004e58                vTaskPriorityInherit
                0x00004ec8                vTaskPriorityDisinherit
 .text          0x00004f14      0x12c C:\Users\samuelpereira\Repos\Aviao_Cajada\EC020\firmware_src\FreeRTOS_Library\Debug\libFreeRTOS_Library.a(heap_2.o)
                0x00004f14                pvPortMalloc
                0x00004fe8                vPortFree
                0x00005030                xPortGetFreeHeapSize
                0x0000503c                vPortInitialiseBlocks
 .text          0x00005040       0x9c C:\Users\samuelpereira\Repos\Aviao_Cajada\EC020\firmware_src\FreeRTOS_Library\Debug\libFreeRTOS_Library.a(list.o)
                0x00005040                vListInitialise
                0x00005058                vListInitialiseItem
                0x00005060                vListInsertEnd
                0x0000507c                vListInsert
                0x000050b8                vListRemove
 .text.__sys_write
                0x000050dc        0xc c:/nxp/lpcxpresso_8.2.2_650/lpcxpresso/tools/bin/../lib/gcc/arm-none-eabi/5.4.1/../../../../arm-none-eabi/lib/armv7-m\libcr_semihost.a(__sys_write.o)
                0x000050dc                __sys_write
                0x000050dc                __write
 .text.__main   0x000050e8       0x14 c:/nxp/lpcxpresso_8.2.2_650/lpcxpresso/tools/bin/../lib/gcc/arm-none-eabi/5.4.1/../../../../arm-none-eabi/lib/armv7-m\libcr_semihost.a(_cr__main.o)
                0x000050e8                __CR_SEMIHOST
                0x000050e8                __main
 .text.memcpy   0x000050fc        0x4 c:/nxp/lpcxpresso_8.2.2_650/lpcxpresso/tools/bin/../lib/gcc/arm-none-eabi/5.4.1/../../../../arm-none-eabi/lib/armv7-m\libcr_c.a(memcpy.o)
                0x000050fc                memcpy
 .text.memset   0x00005100        0x4 c:/nxp/lpcxpresso_8.2.2_650/lpcxpresso/tools/bin/../lib/gcc/arm-none-eabi/5.4.1/../../../../arm-none-eabi/lib/armv7-m\libcr_c.a(memset.o)
                0x00005100                memset
 .text.fp_round
                0x00005104       0x4c c:/nxp/lpcxpresso_8.2.2_650/lpcxpresso/tools/bin/../lib/gcc/arm-none-eabi/5.4.1/../../../../arm-none-eabi/lib/armv7-m\libcr_c.a(fpprintf.o)
 .text.pr_dec.constprop.1
                0x00005150       0x26 c:/nxp/lpcxpresso_8.2.2_650/lpcxpresso/tools/bin/../lib/gcc/arm-none-eabi/5.4.1/../../../../arm-none-eabi/lib/armv7-m\libcr_c.a(fpprintf.o)
 *fill*         0x00005176        0x2 ff
 .text.sprintf  0x00005178       0x6c c:/nxp/lpcxpresso_8.2.2_650/lpcxpresso/tools/bin/../lib/gcc/arm-none-eabi/5.4.1/../../../../arm-none-eabi/lib/armv7-m\libcr_c.a(fpprintf.o)
                0x00005178                sprintf
 *fill*         0x000051e4        0x4 ff
 .text.fp_display
                0x000051e8      0x8ec c:/nxp/lpcxpresso_8.2.2_650/lpcxpresso/tools/bin/../lib/gcc/arm-none-eabi/5.4.1/../../../../arm-none-eabi/lib/armv7-m\libcr_c.a(fpprintf.o)
 .text.vsnprintf
                0x00005ad4       0x5c c:/nxp/lpcxpresso_8.2.2_650/lpcxpresso/tools/bin/../lib/gcc/arm-none-eabi/5.4.1/../../../../arm-none-eabi/lib/armv7-m\libcr_c.a(fpprintf.o)
                0x00005ad4                vsnprintf
 .text.printf   0x00005b30       0x54 c:/nxp/lpcxpresso_8.2.2_650/lpcxpresso/tools/bin/../lib/gcc/arm-none-eabi/5.4.1/../../../../arm-none-eabi/lib/armv7-m\libcr_c.a(fpprintf.o)
                0x00005b30                printf
 .text._initio  0x00005b84       0xa4 c:/nxp/lpcxpresso_8.2.2_650/lpcxpresso/tools/bin/../lib/gcc/arm-none-eabi/5.4.1/../../../../arm-none-eabi/lib/armv7-m\libcr_c.a(initio.o)
                0x00005b84                _initio
 .text.memcmp   0x00005c28       0x42 c:/nxp/lpcxpresso_8.2.2_650/lpcxpresso/tools/bin/../lib/gcc/arm-none-eabi/5.4.1/../../../../arm-none-eabi/lib/armv7-m\libcr_c.a(memcmp.o)
                0x00005c28                memcmp
 *fill*         0x00005c6a        0x2 ff
 .text.__vfprintf
                0x00005c6c      0xd28 c:/nxp/lpcxpresso_8.2.2_650/lpcxpresso/tools/bin/../lib/gcc/arm-none-eabi/5.4.1/../../../../arm-none-eabi/lib/armv7-m\libcr_c.a(printf.o)
                0x00005c6c                __vfprintf
 .text.setvbuf  0x00006994       0x40 c:/nxp/lpcxpresso_8.2.2_650/lpcxpresso/tools/bin/../lib/gcc/arm-none-eabi/5.4.1/../../../../arm-none-eabi/lib/armv7-m\libcr_c.a(setvbuf.o)
                0x00006994                setvbuf
 .text.strcpy   0x000069d4       0x42 c:/nxp/lpcxpresso_8.2.2_650/lpcxpresso/tools/bin/../lib/gcc/arm-none-eabi/5.4.1/../../../../arm-none-eabi/lib/armv7-m\libcr_c.a(strcpy.o)
                0x000069d4                strcpy
 .text.strlen   0x00006a16       0x4a c:/nxp/lpcxpresso_8.2.2_650/lpcxpresso/tools/bin/../lib/gcc/arm-none-eabi/5.4.1/../../../../arm-none-eabi/lib/armv7-m\libcr_c.a(strlen.o)
                0x00006a16                strlen
 .text.strncpy  0x00006a60       0x56 c:/nxp/lpcxpresso_8.2.2_650/lpcxpresso/tools/bin/../lib/gcc/arm-none-eabi/5.4.1/../../../../arm-none-eabi/lib/armv7-m\libcr_c.a(strncpy.o)
                0x00006a60                strncpy
 .text._deferredlazyseek
                0x00006ab6       0x44 c:/nxp/lpcxpresso_8.2.2_650/lpcxpresso/tools/bin/../lib/gcc/arm-none-eabi/5.4.1/../../../../arm-none-eabi/lib/armv7-m\libcr_c.a(_deferredlazyseek.o)
                0x00006ab6                _deferredlazyseek
 .text.__flsbuf
                0x00006afa      0x140 c:/nxp/lpcxpresso_8.2.2_650/lpcxpresso/tools/bin/../lib/gcc/arm-none-eabi/5.4.1/../../../../arm-none-eabi/lib/armv7-m\libcr_c.a(_deferredlazyseek.o)
                0x00006afa                __flsbuf
 .text._fdopen  0x00006c3a       0x6a c:/nxp/lpcxpresso_8.2.2_650/lpcxpresso/tools/bin/../lib/gcc/arm-none-eabi/5.4.1/../../../../arm-none-eabi/lib/armv7-m\libcr_c.a(_fdopen.o)
                0x00006c3a                _fdopen
 .text._fflush  0x00006ca4       0x58 c:/nxp/lpcxpresso_8.2.2_650/lpcxpresso/tools/bin/../lib/gcc/arm-none-eabi/5.4.1/../../../../arm-none-eabi/lib/armv7-m\libcr_c.a(_fflush.o)
                0x00006ca4                _fflush
 .text._frexpl  0x00006cfc       0x5a c:/nxp/lpcxpresso_8.2.2_650/lpcxpresso/tools/bin/../lib/gcc/arm-none-eabi/5.4.1/../../../../arm-none-eabi/lib/armv7-m\libcr_c.a(_frexpl.o)
                0x00006cfc                _frexpl
 *fill*         0x00006d56        0x2 ff
 .text._ldexpl  0x00006d58       0x4c c:/nxp/lpcxpresso_8.2.2_650/lpcxpresso/tools/bin/../lib/gcc/arm-none-eabi/5.4.1/../../../../arm-none-eabi/lib/armv7-m\libcr_c.a(_ldexpl.o)
                0x00006d58                _ldexpl
 .text._Cwritebuf
                0x00006da4       0x68 c:/nxp/lpcxpresso_8.2.2_650/lpcxpresso/tools/bin/../lib/gcc/arm-none-eabi/5.4.1/../../../../arm-none-eabi/lib/armv7-m\libcr_c.a(_writebuf.o)
                0x00006da4                _Cwritebuf
 .text.malloc   0x00006e0c       0xc8 c:/nxp/lpcxpresso_8.2.2_650/lpcxpresso/tools/bin/../lib/gcc/arm-none-eabi/5.4.1/../../../../arm-none-eabi/lib/armv7-m\libcr_c.a(alloc.o)
                0x00006e0c                malloc
 .text.free     0x00006ed4       0x30 c:/nxp/lpcxpresso_8.2.2_650/lpcxpresso/tools/bin/../lib/gcc/arm-none-eabi/5.4.1/../../../../arm-none-eabi/lib/armv7-m\libcr_c.a(alloc.o)
                0x00006ed4                free
 .text._Csys_alloc
                0x00006f04       0x20 c:/nxp/lpcxpresso_8.2.2_650/lpcxpresso/tools/bin/../lib/gcc/arm-none-eabi/5.4.1/../../../../arm-none-eabi/lib/armv7-m\libcr_c.a(alloc.o)
                0x00006f04                _Csys_alloc
 .text.fclose   0x00006f24       0x6c c:/nxp/lpcxpresso_8.2.2_650/lpcxpresso/tools/bin/../lib/gcc/arm-none-eabi/5.4.1/../../../../arm-none-eabi/lib/armv7-m\libcr_c.a(fclose.o)
                0x00006f24                fclose
 .text.fflush   0x00006f90       0x30 c:/nxp/lpcxpresso_8.2.2_650/lpcxpresso/tools/bin/../lib/gcc/arm-none-eabi/5.4.1/../../../../arm-none-eabi/lib/armv7-m\libcr_c.a(fflush.o)
                0x00006f90                fflush
 .text.fseek    0x00006fc0      0x110 c:/nxp/lpcxpresso_8.2.2_650/lpcxpresso/tools/bin/../lib/gcc/arm-none-eabi/5.4.1/../../../../arm-none-eabi/lib/armv7-m\libcr_c.a(fseek.o)
                0x00006fc0                fseek
 .text.ftell    0x000070d0       0x4c c:/nxp/lpcxpresso_8.2.2_650/lpcxpresso/tools/bin/../lib/gcc/arm-none-eabi/5.4.1/../../../../arm-none-eabi/lib/armv7-m\libcr_c.a(ftell.o)
                0x000070d0                ftell
 .text.remove   0x0000711c       0x14 c:/nxp/lpcxpresso_8.2.2_650/lpcxpresso/tools/bin/../lib/gcc/arm-none-eabi/5.4.1/../../../../arm-none-eabi/lib/armv7-m\libcr_c.a(remove.o)
                0x0000711c                remove
 .text._sbrk    0x00007130       0x40 c:/nxp/lpcxpresso_8.2.2_650/lpcxpresso/tools/bin/../lib/gcc/arm-none-eabi/5.4.1/../../../../arm-none-eabi/lib/armv7-m\libcr_c.a(_cr_sbrk.o)
                0x00007130                _sbrk
 .text._do_fflush
                0x00007170       0x44 c:/nxp/lpcxpresso_8.2.2_650/lpcxpresso/tools/bin/../lib/gcc/arm-none-eabi/5.4.1/../../../../arm-none-eabi/lib/armv7-m\libcr_c.a(_do_fflush.o)
                0x00007170                _do_fflush
 .text.__check_heap_overflow
                0x000071b4       0x18 c:/nxp/lpcxpresso_8.2.2_650/lpcxpresso/tools/bin/../lib/gcc/arm-none-eabi/5.4.1/../../../../arm-none-eabi/lib/armv7-m\libcr_c.a(_cr_check_heap.o)
                0x000071b4                __check_heap_overflow
 .text.__aeabi_division_uldivmod
                0x000071cc      0x174 c:/nxp/lpcxpresso_8.2.2_650/lpcxpresso/tools/bin/../lib/gcc/arm-none-eabi/5.4.1/armv7-m\libcr_eabihelpers.a(division_64.o)
                0x000071cc                __aeabi_uldivmod
                0x000071d0                __bhs_ldivmod1
 .text.__aeabi_division_idiv0
                0x00007340        0x2 c:/nxp/lpcxpresso_8.2.2_650/lpcxpresso/tools/bin/../lib/gcc/arm-none-eabi/5.4.1/armv7-m\libcr_eabihelpers.a(division_idiv0.o)
                0x00007340                __aeabi_idiv0
 *fill*         0x00007342        0x2 ff
 .text.__aeabi_dmul
                0x00007344      0x110 c:/nxp/lpcxpresso_8.2.2_650/lpcxpresso/tools/bin/../lib/gcc/arm-none-eabi/5.4.1/armv7-m\libcr_eabihelpers.a(double.o)
                0x00007344                __aeabi_dmul
 .text.__aeabi_ddiv
                0x00007454      0x138 c:/nxp/lpcxpresso_8.2.2_650/lpcxpresso/tools/bin/../lib/gcc/arm-none-eabi/5.4.1/armv7-m\libcr_eabihelpers.a(double.o)
                0x00007454                __aeabi_ddiv
 .text.__aeabi_dsub
                0x0000758c      0x1a0 c:/nxp/lpcxpresso_8.2.2_650/lpcxpresso/tools/bin/../lib/gcc/arm-none-eabi/5.4.1/armv7-m\libcr_eabihelpers.a(double.o)
                0x0000758c                __aeabi_dsub
 .text.__aeabi_dadd
                0x0000772c      0x10c c:/nxp/lpcxpresso_8.2.2_650/lpcxpresso/tools/bin/../lib/gcc/arm-none-eabi/5.4.1/armv7-m\libcr_eabihelpers.a(double.o)
                0x0000772c                __aeabi_dadd
 .text.__aeabi_d2iz
                0x00007838       0x40 c:/nxp/lpcxpresso_8.2.2_650/lpcxpresso/tools/bin/../lib/gcc/arm-none-eabi/5.4.1/armv7-m\libcr_eabihelpers.a(double.o)
                0x00007838                __aeabi_d2iz
 .text.__bhs_ui2d
                0x00007878       0x46 c:/nxp/lpcxpresso_8.2.2_650/lpcxpresso/tools/bin/../lib/gcc/arm-none-eabi/5.4.1/armv7-m\libcr_eabihelpers.a(double.o)
                0x00007878                __bhs_ui2d
 .text.__aeabi_i2d
                0x000078be       0x10 c:/nxp/lpcxpresso_8.2.2_650/lpcxpresso/tools/bin/../lib/gcc/arm-none-eabi/5.4.1/armv7-m\libcr_eabihelpers.a(double.o)
                0x000078be                __aeabi_i2d
 .text.__aeabi_dcmpeq
                0x000078ce       0x2c c:/nxp/lpcxpresso_8.2.2_650/lpcxpresso/tools/bin/../lib/gcc/arm-none-eabi/5.4.1/armv7-m\libcr_eabihelpers.a(double.o)
                0x000078ce                __aeabi_dcmpeq
 .text.__aeabi_dcmplt
                0x000078fa       0x54 c:/nxp/lpcxpresso_8.2.2_650/lpcxpresso/tools/bin/../lib/gcc/arm-none-eabi/5.4.1/armv7-m\libcr_eabihelpers.a(double.o)
                0x000078fa                __aeabi_dcmplt
 .text.__aeabi_dcmple
                0x0000794e       0x54 c:/nxp/lpcxpresso_8.2.2_650/lpcxpresso/tools/bin/../lib/gcc/arm-none-eabi/5.4.1/armv7-m\libcr_eabihelpers.a(double.o)
                0x0000794e                __aeabi_dcmple
 .text.__aeabi_dcmpge
                0x000079a2       0x54 c:/nxp/lpcxpresso_8.2.2_650/lpcxpresso/tools/bin/../lib/gcc/arm-none-eabi/5.4.1/armv7-m\libcr_eabihelpers.a(double.o)
                0x000079a2                __aeabi_dcmpge
 .text.__aeabi_memcpy
                0x000079f6       0x34 c:/nxp/lpcxpresso_8.2.2_650/lpcxpresso/tools/bin/../lib/gcc/arm-none-eabi/5.4.1/armv7-m\libcr_eabihelpers.a(memcpy.o)
                0x000079f6                __aeabi_memcpy
                0x00007a00                __aeabi_memcpy8
                0x00007a00                __aeabi_memcpy4
 .text.__aeabi_memset_lowlevel
                0x00007a2a       0x32 c:/nxp/lpcxpresso_8.2.2_650/lpcxpresso/tools/bin/../lib/gcc/arm-none-eabi/5.4.1/armv7-m\libcr_eabihelpers.a(memcpy.o)
                0x00007a2a                __aeabi_lowlevel_memset
 .text.__sys_appexit
                0x00007a5c        0xc c:/nxp/lpcxpresso_8.2.2_650/lpcxpresso/tools/bin/../lib/gcc/arm-none-eabi/5.4.1/../../../../arm-none-eabi/lib/armv7-m\libcr_semihost.a(__sys_appexit.o)
                0x00007a5c                __sys_appexit
                0x00007a5c                __exit
 .text.__sys_close
                0x00007a68        0xc c:/nxp/lpcxpresso_8.2.2_650/lpcxpresso/tools/bin/../lib/gcc/arm-none-eabi/5.4.1/../../../../arm-none-eabi/lib/armv7-m\libcr_semihost.a(__sys_close.o)
                0x00007a68                __sys_close
 .text.__sys_flen
                0x00007a74        0xc c:/nxp/lpcxpresso_8.2.2_650/lpcxpresso/tools/bin/../lib/gcc/arm-none-eabi/5.4.1/../../../../arm-none-eabi/lib/armv7-m\libcr_semihost.a(__sys_flen.o)
                0x00007a74                __sys_flen
 .text.__sys_istty
                0x00007a80        0xc c:/nxp/lpcxpresso_8.2.2_650/lpcxpresso/tools/bin/../lib/gcc/arm-none-eabi/5.4.1/../../../../arm-none-eabi/lib/armv7-m\libcr_semihost.a(__sys_istty.o)
                0x00007a80                __sys_istty
 .text.__sys_remove
                0x00007a8c        0xc c:/nxp/lpcxpresso_8.2.2_650/lpcxpresso/tools/bin/../lib/gcc/arm-none-eabi/5.4.1/../../../../arm-none-eabi/lib/armv7-m\libcr_semihost.a(__sys_remove.o)
                0x00007a8c                __sys_remove
 .text.__sys_seek
                0x00007a98        0xc c:/nxp/lpcxpresso_8.2.2_650/lpcxpresso/tools/bin/../lib/gcc/arm-none-eabi/5.4.1/../../../../arm-none-eabi/lib/armv7-m\libcr_semihost.a(__sys_seek.o)
                0x00007a98                __sys_seek
 .text.__sys_tmpnam
                0x00007aa4        0xc c:/nxp/lpcxpresso_8.2.2_650/lpcxpresso/tools/bin/../lib/gcc/arm-none-eabi/5.4.1/../../../../arm-none-eabi/lib/armv7-m\libcr_semihost.a(__sys_tmpnam.o)
                0x00007aa4                __sys_tmpnam
 *(.rodata .rodata.* .constdata .constdata.*)
 .rodata        0x00007ab0       0x3c ./src/Services/HTTP/HTTP_Server.o
                0x00007ab0                GetResponse
                0x00007ae0                GatewayIP
                0x00007ae4                SubnetMask
                0x00007ae8                MyIP
 .rodata.str1.4
                0x00007aec        0xd ./src/Services/HTTP/HTTP_Server.o
 *fill*         0x00007af9        0x3 ff
 .rodata        0x00007afc        0x6 ./src/Services/HTTP/tcpip.o
                0x00007afc                MyMAC
 *fill*         0x00007b02        0x2 ff
 .rodata.str1.4
                0x00007b04       0x9b ./src/MainApp.o
 *fill*         0x00007b9f        0x1 ff
 .rodata.str1.4
                0x00007ba0       0x25 ./src/helper.o
 *fill*         0x00007bc5        0x3 ff
 .rodata        0x00007bc8       0x15 C:\Users\samuelpereira\Repos\Aviao_Cajada\EC020\firmware_src\Lib_MCU\Debug\libLib_MCU.a(lpc17xx_adc.o)
 *fill*         0x00007bdd        0x3 ff
 .rodata        0x00007be0       0x15 C:\Users\samuelpereira\Repos\Aviao_Cajada\EC020\firmware_src\Lib_MCU\Debug\libLib_MCU.a(lpc17xx_i2c.o)
 *fill*         0x00007bf5        0x3 ff
 .rodata        0x00007bf8       0x15 C:\Users\samuelpereira\Repos\Aviao_Cajada\EC020\firmware_src\Lib_MCU\Debug\libLib_MCU.a(lpc17xx_ssp.o)
 *fill*         0x00007c0d        0x3 ff
 .rodata        0x00007c10        0x8 C:\Users\samuelpereira\Repos\Aviao_Cajada\EC020\firmware_src\Lib_EaBaseBoard\Debug\libLib_EaBaseBoard.a(oled.o)
 .rodata        0x00007c18      0x300 C:\Users\samuelpereira\Repos\Aviao_Cajada\EC020\firmware_src\Lib_EaBaseBoard\Debug\libLib_EaBaseBoard.a(font5x7.o)
                0x00007c18                font5x7
 .rodata.str1.4
                0x00007f18        0x8 C:\Users\samuelpereira\Repos\Aviao_Cajada\EC020\firmware_src\FreeRTOS_Library\Debug\libFreeRTOS_Library.a(basic_io.o)
 .rodata        0x00007f20       0x14 C:\Users\samuelpereira\Repos\Aviao_Cajada\EC020\firmware_src\FreeRTOS_Library\Debug\libFreeRTOS_Library.a(tasks.o)
 .rodata.str1.4
                0x00007f34        0x8 C:\Users\samuelpereira\Repos\Aviao_Cajada\EC020\firmware_src\FreeRTOS_Library\Debug\libFreeRTOS_Library.a(tasks.o)
                                  0x5 (size before relaxing)
 .rodata.str1.1
                0x00007f3c       0x34 c:/nxp/lpcxpresso_8.2.2_650/lpcxpresso/tools/bin/../lib/gcc/arm-none-eabi/5.4.1/../../../../arm-none-eabi/lib/armv7-m\libcr_c.a(fpprintf.o)
                                 0x35 (size before relaxing)
 .rodata.str1.1
                0x00007f70        0x4 c:/nxp/lpcxpresso_8.2.2_650/lpcxpresso/tools/bin/../lib/gcc/arm-none-eabi/5.4.1/../../../../arm-none-eabi/lib/armv7-m\libcr_c.a(initio.o)
 .rodata.str1.1
                0x00007f74       0x31 c:/nxp/lpcxpresso_8.2.2_650/lpcxpresso/tools/bin/../lib/gcc/arm-none-eabi/5.4.1/../../../../arm-none-eabi/lib/armv7-m\libcr_c.a(printf.o)
                                 0x38 (size before relaxing)
 .rodata.str1.1
                0x00007fa5       0x18 c:/nxp/lpcxpresso_8.2.2_650/lpcxpresso/tools/bin/../lib/gcc/arm-none-eabi/5.4.1/../../../../arm-none-eabi/lib/armv7-m\libcr_c.a(alloc.o)
 *fill*         0x00007fbd        0x3 ff
 .rodata.__huge_vall
                0x00007fc0        0x8 c:/nxp/lpcxpresso_8.2.2_650/lpcxpresso/tools/bin/../lib/gcc/arm-none-eabi/5.4.1/../../../../arm-none-eabi/lib/armv7-m\libcr_c.a(_hugeval.o)
                0x00007fc0                __huge_vall
                0x00007fc8                . = ALIGN (0x4)

.glue_7         0x00007fc8        0x0
 .glue_7        0x00007fc8        0x0 linker stubs

.glue_7t        0x00007fc8        0x0
 .glue_7t       0x00007fc8        0x0 linker stubs

.vfp11_veneer   0x00007fc8        0x0
 .vfp11_veneer  0x00007fc8        0x0 linker stubs

.v4_bx          0x00007fc8        0x0
 .v4_bx         0x00007fc8        0x0 linker stubs

.iplt           0x00007fc8        0x0
 .iplt          0x00007fc8        0x0 ./src/Services/HTTP/HTTP_Server.o

.rel.dyn        0x00007fc8        0x0
 .rel.iplt      0x00007fc8        0x0 ./src/Services/HTTP/HTTP_Server.o

.ARM.extab
 *(.ARM.extab* .gnu.linkonce.armextab.*)
                0x00007fc8                __exidx_start = .

.ARM.exidx
 *(.ARM.exidx* .gnu.linkonce.armexidx.*)
                0x00007fc8                __exidx_end = .
                0x00007fc8                _etext = .

.data_RAM2      0x2007c000        0x0 load address 0x00007fc8
 FILL mask 0xff
                [!provide]                PROVIDE (__start_data_RAM2, .)
 *(.ramfunc.$RAM2)
 *(.ramfunc.$RamAHB32)
 *(.data.$RAM2*)
 *(.data.$RamAHB32*)
                0x2007c000                . = ALIGN (0x4)
                [!provide]                PROVIDE (__end_data_RAM2, .)

.uninit_RESERVED
                0x10000000        0x0
 *(.bss.$RESERVED*)
                0x10000000                . = ALIGN (0x4)
                0x10000000                _end_uninit_RESERVED = .

.data           0x10000000      0x498 load address 0x00007fc8
 FILL mask 0xff
                0x10000000                _data = .
 *(vtable)
 *(.ramfunc*)
 *(.data*)
 .data          0x10000000      0x48f ./src/Services/HTTP/HTTP_Server.o
                0x10000000                WebSide
 *fill*         0x1000048f        0x1 ff
 .data.SystemCoreClock
                0x10000490        0x4 C:\Users\samuelpereira\Repos\Aviao_Cajada\EC020\firmware_src\CMSISv2p00_LPC17xx\Debug\libCMSISv2p00_LPC17xx.a(system_LPC17xx.o)
                0x10000490                SystemCoreClock
 .data          0x10000494        0x4 C:\Users\samuelpereira\Repos\Aviao_Cajada\EC020\firmware_src\FreeRTOS_Library\Debug\libFreeRTOS_Library.a(port.o)
                0x10000498                . = ALIGN (0x4)
                0x10000498                _edata = .

.igot.plt       0x10000498        0x0 load address 0x00008460
 .igot.plt      0x10000498        0x0 ./src/Services/HTTP/HTTP_Server.o

.bss_RAM2       0x2007c000        0x0
                [!provide]                PROVIDE (__start_bss_RAM2, .)
 *(.bss.$RAM2*)
 *(.bss.$RamAHB32*)
                0x2007c000                . = ALIGN ((. != 0x0)?0x4:0x1)
                [!provide]                PROVIDE (__end_bss_RAM2, .)

.bss            0x10000498     0x31e4
                0x10000498                _bss = .
 *(.bss*)
 .bss           0x10000498        0x8 ./src/Services/HTTP/ethmac.o
 .bss           0x100004a0       0x10 ./src/Services/Accelerometer.o
 .bss           0x100004b0        0xc ./src/Services/Systick.o
                0x100004b0                TimeTick0
                0x100004b4                TimeTick
                0x100004b8                TimeTick2
 .bss           0x100004bc        0x4 ./src/Services/Temperature.o
 .bss           0x100004c0       0x24 C:\Users\samuelpereira\Repos\Aviao_Cajada\EC020\firmware_src\Lib_MCU\Debug\libLib_MCU.a(lpc17xx_i2c.o)
 .bss           0x100004e4       0x18 C:\Users\samuelpereira\Repos\Aviao_Cajada\EC020\firmware_src\Lib_MCU\Debug\libLib_MCU.a(lpc17xx_ssp.o)
 .bss           0x100004fc      0x300 C:\Users\samuelpereira\Repos\Aviao_Cajada\EC020\firmware_src\Lib_EaBaseBoard\Debug\libLib_EaBaseBoard.a(oled.o)
 .bss           0x100007fc        0x4 C:\Users\samuelpereira\Repos\Aviao_Cajada\EC020\firmware_src\Lib_EaBaseBoard\Debug\libLib_EaBaseBoard.a(temp.o)
 .bss           0x10000800       0x32 C:\Users\samuelpereira\Repos\Aviao_Cajada\EC020\firmware_src\FreeRTOS_Library\Debug\libFreeRTOS_Library.a(basic_io.o)
 *fill*         0x10000832        0x2 
 .bss           0x10000834      0x100 C:\Users\samuelpereira\Repos\Aviao_Cajada\EC020\firmware_src\FreeRTOS_Library\Debug\libFreeRTOS_Library.a(tasks.o)
                0x10000838                pxCurrentTCB
 *fill*         0x10000934        0x4 
 .bss           0x10000938     0x281c C:\Users\samuelpereira\Repos\Aviao_Cajada\EC020\firmware_src\FreeRTOS_Library\Debug\libFreeRTOS_Library.a(heap_2.o)
 .bss._extra    0x10003154        0x4 c:/nxp/lpcxpresso_8.2.2_650/lpcxpresso/tools/bin/../lib/gcc/arm-none-eabi/5.4.1/../../../../arm-none-eabi/lib/armv7-m\libcr_c.a(initio.o)
                0x10003154                _extra
 .bss.__Ciob    0x10003158      0x140 c:/nxp/lpcxpresso_8.2.2_650/lpcxpresso/tools/bin/../lib/gcc/arm-none-eabi/5.4.1/../../../../arm-none-eabi/lib/armv7-m\libcr_c.a(stdio.o)
                0x10003158                __Ciob
 .bss.errno     0x10003298        0x4 c:/nxp/lpcxpresso_8.2.2_650/lpcxpresso/tools/bin/../lib/gcc/arm-none-eabi/5.4.1/../../../../arm-none-eabi/lib/armv7-m\libcr_c.a(errno.o)
                0x10003298                errno
 .bss.__heaps   0x1000329c        0x4 c:/nxp/lpcxpresso_8.2.2_650/lpcxpresso/tools/bin/../lib/gcc/arm-none-eabi/5.4.1/../../../../arm-none-eabi/lib/armv7-m\libcr_c.a(__init_alloc.o)
                0x1000329c                __heaps
 .bss.__end_of_heap
                0x100032a0        0x4 c:/nxp/lpcxpresso_8.2.2_650/lpcxpresso/tools/bin/../lib/gcc/arm-none-eabi/5.4.1/../../../../arm-none-eabi/lib/armv7-m\libcr_c.a(__init_alloc.o)
                0x100032a0                __end_of_heap
 *(COMMON)
 COMMON         0x100032a4      0x3d6 ./src/Services/HTTP/HTTP_Server.o
                0x100032a4                TCPTimer
                0x100032a8                HTTPBytesToSend
                0x100032ac                TCPRxDataCount
                0x100032ae                HTTPStatus
                0x100032b0                TCPTxDataCount
                0x100032b4                RecdFrameIP
                0x100032b8                RemoteMAC
                0x100032be                TCPStateMachine
                0x100032c0                TCPUNASeqNr
                0x100032c4                TCPLocalPort
                0x100032c8                _RxTCPBuffer
                0x100033c8                TCPFlags
                0x100033cc                RecdFrameMAC
                0x100033d2                RecdIPFrameLength
                0x100033d4                PWebSide
                0x100033d8                RemoteIP
                0x100033dc                LastFrameSent
                0x100033de                TCPRemotePort
                0x100033e0                TxFrame2Size
                0x100033e4                TCPAckNr
                0x100033e8                TransmitControl
                0x100033ea                TxFrame1Size
                0x100033ec                ISNGenHigh
                0x100033f0                _TxFrame2
                0x1000343a                RecdFrameLength
                0x1000343c                _TxFrame1
                0x10003674                TCPSeqNr
                0x10003678                RetryCounter
                0x10003679                SocketStatus
                0x1000367c                . = ALIGN (0x4)
 *fill*         0x1000367a        0x2 
                0x1000367c                _ebss = .
                [!provide]                PROVIDE (end, .)

.noinit_RAM2    0x2007c000        0x0
 *(.noinit.$RAM2*)
 *(.noinit.$RamAHB32*)
                0x2007c000                . = ALIGN (0x4)

.noinit         0x1000367c        0x0
                0x1000367c                _noinit = .
 *(.noinit*)
                0x1000367c                . = ALIGN (0x4)
                0x1000367c                _end_noinit = .
                0x1000367c                PROVIDE (_pvHeapStart, DEFINED (__user_heap_base)?__user_heap_base:.)
                0x10008000                PROVIDE (_vStackTop, DEFINED (__user_stack_top)?__user_stack_top:(__top_RamLoc32 - 0x0))
                [!provide]                PROVIDE (__valid_user_code_checksum, (0x0 - ((((((_vStackTop + (ResetISR + 0x1)) + (NMI_Handler + 0x1)) + (HardFault_Handler + 0x1)) + (DEFINED (MemManage_Handler)?MemManage_Handler:0x0 + 0x1)) + (DEFINED (BusFault_Handler)?BusFault_Handler:0x0 + 0x1)) + (DEFINED (UsageFault_Handler)?UsageFault_Handler:0x0 + 0x1))))
OUTPUT(Example01.axf elf32-littlearm)

.debug_info     0x00000000     0xb2ab
 .debug_info    0x00000000      0x714 ./src/Services/HTTP/HTTP_Server.o
 .debug_info    0x00000714      0xb94 ./src/Services/HTTP/ethmac.o
 .debug_info    0x000012a8     0x1616 ./src/Services/HTTP/tcpip.o
 .debug_info    0x000028be      0x51c ./src/Services/Accelerometer.o
 .debug_info    0x00002dda      0x113 ./src/Services/Button.o
 .debug_info    0x00002eed      0x47a ./src/Services/OLED_display.o
 .debug_info    0x00003367      0x11a ./src/Services/RGB_Leds.o
 .debug_info    0x00003481      0x8d1 ./src/Services/Systick.o
 .debug_info    0x00003d52      0x14a ./src/Services/Temperature.o
 .debug_info    0x00003e9c      0x3ea ./src/Services/Trimpot.o
 .debug_info    0x00004286      0x90b ./src/MainApp.o
 .debug_info    0x00004b91      0x123 ./src/helper.o
 .debug_info    0x00004cb4      0x1e3 ./cr_startup_lpc17.o
 .debug_info    0x00004e97      0x318 C:\Users\samuelpereira\Repos\Aviao_Cajada\EC020\firmware_src\CMSISv2p00_LPC17xx\Debug\libCMSISv2p00_LPC17xx.a(system_LPC17xx.o)
 .debug_info    0x000051af      0x5e5 C:\Users\samuelpereira\Repos\Aviao_Cajada\EC020\firmware_src\Lib_MCU\Debug\libLib_MCU.a(lpc17xx_adc.o)
 .debug_info    0x00005794      0x638 C:\Users\samuelpereira\Repos\Aviao_Cajada\EC020\firmware_src\Lib_MCU\Debug\libLib_MCU.a(lpc17xx_clkpwr.o)
 .debug_info    0x00005dcc      0xad4 C:\Users\samuelpereira\Repos\Aviao_Cajada\EC020\firmware_src\Lib_MCU\Debug\libLib_MCU.a(lpc17xx_gpio.o)
 .debug_info    0x000068a0      0xc14 C:\Users\samuelpereira\Repos\Aviao_Cajada\EC020\firmware_src\Lib_MCU\Debug\libLib_MCU.a(lpc17xx_i2c.o)
 .debug_info    0x000074b4       0xc5 C:\Users\samuelpereira\Repos\Aviao_Cajada\EC020\firmware_src\Lib_MCU\Debug\libLib_MCU.a(lpc17xx_libcfg_default.o)
 .debug_info    0x00007579      0x459 C:\Users\samuelpereira\Repos\Aviao_Cajada\EC020\firmware_src\Lib_MCU\Debug\libLib_MCU.a(lpc17xx_pinsel.o)
 .debug_info    0x000079d2      0x7e1 C:\Users\samuelpereira\Repos\Aviao_Cajada\EC020\firmware_src\Lib_MCU\Debug\libLib_MCU.a(lpc17xx_ssp.o)
 .debug_info    0x000081b3      0x4f5 C:\Users\samuelpereira\Repos\Aviao_Cajada\EC020\firmware_src\Lib_EaBaseBoard\Debug\libLib_EaBaseBoard.a(acc.o)
 .debug_info    0x000086a8      0x920 C:\Users\samuelpereira\Repos\Aviao_Cajada\EC020\firmware_src\Lib_EaBaseBoard\Debug\libLib_EaBaseBoard.a(oled.o)
 .debug_info    0x00008fc8       0xda C:\Users\samuelpereira\Repos\Aviao_Cajada\EC020\firmware_src\Lib_EaBaseBoard\Debug\libLib_EaBaseBoard.a(rgb.o)
 .debug_info    0x000090a2      0x13e C:\Users\samuelpereira\Repos\Aviao_Cajada\EC020\firmware_src\Lib_EaBaseBoard\Debug\libLib_EaBaseBoard.a(temp.o)
 .debug_info    0x000091e0       0x61 C:\Users\samuelpereira\Repos\Aviao_Cajada\EC020\firmware_src\Lib_EaBaseBoard\Debug\libLib_EaBaseBoard.a(font5x7.o)
 .debug_info    0x00009241      0x243 C:\Users\samuelpereira\Repos\Aviao_Cajada\EC020\firmware_src\FreeRTOS_Library\Debug\libFreeRTOS_Library.a(port.o)
 .debug_info    0x00009484      0x1f2 C:\Users\samuelpereira\Repos\Aviao_Cajada\EC020\firmware_src\FreeRTOS_Library\Debug\libFreeRTOS_Library.a(basic_io.o)
 .debug_info    0x00009676       0xe5 C:\Users\samuelpereira\Repos\Aviao_Cajada\EC020\firmware_src\FreeRTOS_Library\Debug\libFreeRTOS_Library.a(consoleprint.o)
 .debug_info    0x0000975b     0x1568 C:\Users\samuelpereira\Repos\Aviao_Cajada\EC020\firmware_src\FreeRTOS_Library\Debug\libFreeRTOS_Library.a(tasks.o)
 .debug_info    0x0000acc3      0x346 C:\Users\samuelpereira\Repos\Aviao_Cajada\EC020\firmware_src\FreeRTOS_Library\Debug\libFreeRTOS_Library.a(heap_2.o)
 .debug_info    0x0000b009      0x2a2 C:\Users\samuelpereira\Repos\Aviao_Cajada\EC020\firmware_src\FreeRTOS_Library\Debug\libFreeRTOS_Library.a(list.o)

.debug_abbrev   0x00000000     0x2d2f
 .debug_abbrev  0x00000000      0x152 ./src/Services/HTTP/HTTP_Server.o
 .debug_abbrev  0x00000152      0x25f ./src/Services/HTTP/ethmac.o
 .debug_abbrev  0x000003b1      0x367 ./src/Services/HTTP/tcpip.o
 .debug_abbrev  0x00000718      0x1dd ./src/Services/Accelerometer.o
 .debug_abbrev  0x000008f5       0xb0 ./src/Services/Button.o
 .debug_abbrev  0x000009a5      0x198 ./src/Services/OLED_display.o
 .debug_abbrev  0x00000b3d       0xd3 ./src/Services/RGB_Leds.o
 .debug_abbrev  0x00000c10      0x20a ./src/Services/Systick.o
 .debug_abbrev  0x00000e1a      0x10b ./src/Services/Temperature.o
 .debug_abbrev  0x00000f25      0x141 ./src/Services/Trimpot.o
 .debug_abbrev  0x00001066      0x1fb ./src/MainApp.o
 .debug_abbrev  0x00001261       0xbe ./src/helper.o
 .debug_abbrev  0x0000131f       0xe5 ./cr_startup_lpc17.o
 .debug_abbrev  0x00001404       0xe6 C:\Users\samuelpereira\Repos\Aviao_Cajada\EC020\firmware_src\CMSISv2p00_LPC17xx\Debug\libCMSISv2p00_LPC17xx.a(system_LPC17xx.o)
 .debug_abbrev  0x000014ea      0x165 C:\Users\samuelpereira\Repos\Aviao_Cajada\EC020\firmware_src\Lib_MCU\Debug\libLib_MCU.a(lpc17xx_adc.o)
 .debug_abbrev  0x0000164f      0x1cc C:\Users\samuelpereira\Repos\Aviao_Cajada\EC020\firmware_src\Lib_MCU\Debug\libLib_MCU.a(lpc17xx_clkpwr.o)
 .debug_abbrev  0x0000181b      0x193 C:\Users\samuelpereira\Repos\Aviao_Cajada\EC020\firmware_src\Lib_MCU\Debug\libLib_MCU.a(lpc17xx_gpio.o)
 .debug_abbrev  0x000019ae      0x28b C:\Users\samuelpereira\Repos\Aviao_Cajada\EC020\firmware_src\Lib_MCU\Debug\libLib_MCU.a(lpc17xx_i2c.o)
 .debug_abbrev  0x00001c39       0x6c C:\Users\samuelpereira\Repos\Aviao_Cajada\EC020\firmware_src\Lib_MCU\Debug\libLib_MCU.a(lpc17xx_libcfg_default.o)
 .debug_abbrev  0x00001ca5      0x12b C:\Users\samuelpereira\Repos\Aviao_Cajada\EC020\firmware_src\Lib_MCU\Debug\libLib_MCU.a(lpc17xx_pinsel.o)
 .debug_abbrev  0x00001dd0      0x1fd C:\Users\samuelpereira\Repos\Aviao_Cajada\EC020\firmware_src\Lib_MCU\Debug\libLib_MCU.a(lpc17xx_ssp.o)
 .debug_abbrev  0x00001fcd      0x16b C:\Users\samuelpereira\Repos\Aviao_Cajada\EC020\firmware_src\Lib_EaBaseBoard\Debug\libLib_EaBaseBoard.a(acc.o)
 .debug_abbrev  0x00002138      0x201 C:\Users\samuelpereira\Repos\Aviao_Cajada\EC020\firmware_src\Lib_EaBaseBoard\Debug\libLib_EaBaseBoard.a(oled.o)
 .debug_abbrev  0x00002339       0x93 C:\Users\samuelpereira\Repos\Aviao_Cajada\EC020\firmware_src\Lib_EaBaseBoard\Debug\libLib_EaBaseBoard.a(rgb.o)
 .debug_abbrev  0x000023cc       0xc7 C:\Users\samuelpereira\Repos\Aviao_Cajada\EC020\firmware_src\Lib_EaBaseBoard\Debug\libLib_EaBaseBoard.a(temp.o)
 .debug_abbrev  0x00002493       0x48 C:\Users\samuelpereira\Repos\Aviao_Cajada\EC020\firmware_src\Lib_EaBaseBoard\Debug\libLib_EaBaseBoard.a(font5x7.o)
 .debug_abbrev  0x000024db      0x166 C:\Users\samuelpereira\Repos\Aviao_Cajada\EC020\firmware_src\FreeRTOS_Library\Debug\libFreeRTOS_Library.a(port.o)
 .debug_abbrev  0x00002641      0x105 C:\Users\samuelpereira\Repos\Aviao_Cajada\EC020\firmware_src\FreeRTOS_Library\Debug\libFreeRTOS_Library.a(basic_io.o)
 .debug_abbrev  0x00002746       0xb4 C:\Users\samuelpereira\Repos\Aviao_Cajada\EC020\firmware_src\FreeRTOS_Library\Debug\libFreeRTOS_Library.a(consoleprint.o)
 .debug_abbrev  0x000027fa      0x29f C:\Users\samuelpereira\Repos\Aviao_Cajada\EC020\firmware_src\FreeRTOS_Library\Debug\libFreeRTOS_Library.a(tasks.o)
 .debug_abbrev  0x00002a99      0x1cf C:\Users\samuelpereira\Repos\Aviao_Cajada\EC020\firmware_src\FreeRTOS_Library\Debug\libFreeRTOS_Library.a(heap_2.o)
 .debug_abbrev  0x00002c68       0xc7 C:\Users\samuelpereira\Repos\Aviao_Cajada\EC020\firmware_src\FreeRTOS_Library\Debug\libFreeRTOS_Library.a(list.o)

.debug_loc      0x00000000     0x1bdd
 .debug_loc     0x00000000       0x7e ./src/Services/HTTP/HTTP_Server.o
 .debug_loc     0x0000007e      0x3ef ./src/Services/HTTP/ethmac.o
 .debug_loc     0x0000046d      0x338 ./src/Services/HTTP/tcpip.o
 .debug_loc     0x000007a5       0xc6 ./src/Services/Accelerometer.o
 .debug_loc     0x0000086b       0xe7 ./src/Services/OLED_display.o
 .debug_loc     0x00000952       0x35 ./src/Services/RGB_Leds.o
 .debug_loc     0x00000987       0xa7 ./src/Services/Systick.o
 .debug_loc     0x00000a2e       0x21 ./src/Services/Temperature.o
 .debug_loc     0x00000a4f      0x10b ./src/MainApp.o
 .debug_loc     0x00000b5a       0xf7 ./src/helper.o
 .debug_loc     0x00000c51       0x2b ./cr_startup_lpc17.o
 .debug_loc     0x00000c7c       0x5f C:\Users\samuelpereira\Repos\Aviao_Cajada\EC020\firmware_src\FreeRTOS_Library\Debug\libFreeRTOS_Library.a(port.o)
 .debug_loc     0x00000cdb       0x84 C:\Users\samuelpereira\Repos\Aviao_Cajada\EC020\firmware_src\FreeRTOS_Library\Debug\libFreeRTOS_Library.a(basic_io.o)
 .debug_loc     0x00000d5f       0x3c C:\Users\samuelpereira\Repos\Aviao_Cajada\EC020\firmware_src\FreeRTOS_Library\Debug\libFreeRTOS_Library.a(consoleprint.o)
 .debug_loc     0x00000d9b      0xba7 C:\Users\samuelpereira\Repos\Aviao_Cajada\EC020\firmware_src\FreeRTOS_Library\Debug\libFreeRTOS_Library.a(tasks.o)
 .debug_loc     0x00001942      0x257 C:\Users\samuelpereira\Repos\Aviao_Cajada\EC020\firmware_src\FreeRTOS_Library\Debug\libFreeRTOS_Library.a(heap_2.o)
 .debug_loc     0x00001b99       0x44 C:\Users\samuelpereira\Repos\Aviao_Cajada\EC020\firmware_src\FreeRTOS_Library\Debug\libFreeRTOS_Library.a(list.o)

.debug_aranges  0x00000000      0x9d8
 .debug_aranges
                0x00000000       0x30 ./src/Services/HTTP/HTTP_Server.o
 .debug_aranges
                0x00000030       0x88 ./src/Services/HTTP/ethmac.o
 .debug_aranges
                0x000000b8      0x108 ./src/Services/HTTP/tcpip.o
 .debug_aranges
                0x000001c0       0x50 ./src/Services/Accelerometer.o
 .debug_aranges
                0x00000210       0x28 ./src/Services/Button.o
 .debug_aranges
                0x00000238       0x38 ./src/Services/OLED_display.o
 .debug_aranges
                0x00000270       0x28 ./src/Services/RGB_Leds.o
 .debug_aranges
                0x00000298       0x38 ./src/Services/Systick.o
 .debug_aranges
                0x000002d0       0x30 ./src/Services/Temperature.o
 .debug_aranges
                0x00000300       0x28 ./src/Services/Trimpot.o
 .debug_aranges
                0x00000328       0x50 ./src/MainApp.o
 .debug_aranges
                0x00000378       0x20 ./src/helper.o
 .debug_aranges
                0x00000398       0x70 ./cr_startup_lpc17.o
 .debug_aranges
                0x00000408       0x28 C:\Users\samuelpereira\Repos\Aviao_Cajada\EC020\firmware_src\CMSISv2p00_LPC17xx\Debug\libCMSISv2p00_LPC17xx.a(system_LPC17xx.o)
 .debug_aranges
                0x00000430       0x80 C:\Users\samuelpereira\Repos\Aviao_Cajada\EC020\firmware_src\Lib_MCU\Debug\libLib_MCU.a(lpc17xx_adc.o)
 .debug_aranges
                0x000004b0       0x58 C:\Users\samuelpereira\Repos\Aviao_Cajada\EC020\firmware_src\Lib_MCU\Debug\libLib_MCU.a(lpc17xx_clkpwr.o)
 .debug_aranges
                0x00000508       0xc8 C:\Users\samuelpereira\Repos\Aviao_Cajada\EC020\firmware_src\Lib_MCU\Debug\libLib_MCU.a(lpc17xx_gpio.o)
 .debug_aranges
                0x000005d0       0xd0 C:\Users\samuelpereira\Repos\Aviao_Cajada\EC020\firmware_src\Lib_MCU\Debug\libLib_MCU.a(lpc17xx_i2c.o)
 .debug_aranges
                0x000006a0       0x20 C:\Users\samuelpereira\Repos\Aviao_Cajada\EC020\firmware_src\Lib_MCU\Debug\libLib_MCU.a(lpc17xx_libcfg_default.o)
 .debug_aranges
                0x000006c0       0x48 C:\Users\samuelpereira\Repos\Aviao_Cajada\EC020\firmware_src\Lib_MCU\Debug\libLib_MCU.a(lpc17xx_pinsel.o)
 .debug_aranges
                0x00000708       0xb8 C:\Users\samuelpereira\Repos\Aviao_Cajada\EC020\firmware_src\Lib_MCU\Debug\libLib_MCU.a(lpc17xx_ssp.o)
 .debug_aranges
                0x000007c0       0x60 C:\Users\samuelpereira\Repos\Aviao_Cajada\EC020\firmware_src\Lib_EaBaseBoard\Debug\libLib_EaBaseBoard.a(acc.o)
 .debug_aranges
                0x00000820       0x90 C:\Users\samuelpereira\Repos\Aviao_Cajada\EC020\firmware_src\Lib_EaBaseBoard\Debug\libLib_EaBaseBoard.a(oled.o)
 .debug_aranges
                0x000008b0       0x28 C:\Users\samuelpereira\Repos\Aviao_Cajada\EC020\firmware_src\Lib_EaBaseBoard\Debug\libLib_EaBaseBoard.a(rgb.o)
 .debug_aranges
                0x000008d8       0x28 C:\Users\samuelpereira\Repos\Aviao_Cajada\EC020\firmware_src\Lib_EaBaseBoard\Debug\libLib_EaBaseBoard.a(temp.o)
 .debug_aranges
                0x00000900       0x18 C:\Users\samuelpereira\Repos\Aviao_Cajada\EC020\firmware_src\Lib_EaBaseBoard\Debug\libLib_EaBaseBoard.a(font5x7.o)
 .debug_aranges
                0x00000918       0x20 C:\Users\samuelpereira\Repos\Aviao_Cajada\EC020\firmware_src\FreeRTOS_Library\Debug\libFreeRTOS_Library.a(port.o)
 .debug_aranges
                0x00000938       0x20 C:\Users\samuelpereira\Repos\Aviao_Cajada\EC020\firmware_src\FreeRTOS_Library\Debug\libFreeRTOS_Library.a(basic_io.o)
 .debug_aranges
                0x00000958       0x20 C:\Users\samuelpereira\Repos\Aviao_Cajada\EC020\firmware_src\FreeRTOS_Library\Debug\libFreeRTOS_Library.a(consoleprint.o)
 .debug_aranges
                0x00000978       0x20 C:\Users\samuelpereira\Repos\Aviao_Cajada\EC020\firmware_src\FreeRTOS_Library\Debug\libFreeRTOS_Library.a(tasks.o)
 .debug_aranges
                0x00000998       0x20 C:\Users\samuelpereira\Repos\Aviao_Cajada\EC020\firmware_src\FreeRTOS_Library\Debug\libFreeRTOS_Library.a(heap_2.o)
 .debug_aranges
                0x000009b8       0x20 C:\Users\samuelpereira\Repos\Aviao_Cajada\EC020\firmware_src\FreeRTOS_Library\Debug\libFreeRTOS_Library.a(list.o)

.debug_ranges   0x00000000      0x7f8
 .debug_ranges  0x00000000       0x38 ./src/Services/HTTP/HTTP_Server.o
 .debug_ranges  0x00000038       0x78 ./src/Services/HTTP/ethmac.o
 .debug_ranges  0x000000b0       0xf8 ./src/Services/HTTP/tcpip.o
 .debug_ranges  0x000001a8       0x40 ./src/Services/Accelerometer.o
 .debug_ranges  0x000001e8       0x18 ./src/Services/Button.o
 .debug_ranges  0x00000200       0x28 ./src/Services/OLED_display.o
 .debug_ranges  0x00000228       0x18 ./src/Services/RGB_Leds.o
 .debug_ranges  0x00000240       0x28 ./src/Services/Systick.o
 .debug_ranges  0x00000268       0x20 ./src/Services/Temperature.o
 .debug_ranges  0x00000288       0x18 ./src/Services/Trimpot.o
 .debug_ranges  0x000002a0       0x58 ./src/MainApp.o
 .debug_ranges  0x000002f8       0x10 ./src/helper.o
 .debug_ranges  0x00000308       0x60 ./cr_startup_lpc17.o
 .debug_ranges  0x00000368       0x18 C:\Users\samuelpereira\Repos\Aviao_Cajada\EC020\firmware_src\CMSISv2p00_LPC17xx\Debug\libCMSISv2p00_LPC17xx.a(system_LPC17xx.o)
 .debug_ranges  0x00000380       0x70 C:\Users\samuelpereira\Repos\Aviao_Cajada\EC020\firmware_src\Lib_MCU\Debug\libLib_MCU.a(lpc17xx_adc.o)
 .debug_ranges  0x000003f0       0x48 C:\Users\samuelpereira\Repos\Aviao_Cajada\EC020\firmware_src\Lib_MCU\Debug\libLib_MCU.a(lpc17xx_clkpwr.o)
 .debug_ranges  0x00000438       0xb8 C:\Users\samuelpereira\Repos\Aviao_Cajada\EC020\firmware_src\Lib_MCU\Debug\libLib_MCU.a(lpc17xx_gpio.o)
 .debug_ranges  0x000004f0       0xc0 C:\Users\samuelpereira\Repos\Aviao_Cajada\EC020\firmware_src\Lib_MCU\Debug\libLib_MCU.a(lpc17xx_i2c.o)
 .debug_ranges  0x000005b0       0x10 C:\Users\samuelpereira\Repos\Aviao_Cajada\EC020\firmware_src\Lib_MCU\Debug\libLib_MCU.a(lpc17xx_libcfg_default.o)
 .debug_ranges  0x000005c0       0x38 C:\Users\samuelpereira\Repos\Aviao_Cajada\EC020\firmware_src\Lib_MCU\Debug\libLib_MCU.a(lpc17xx_pinsel.o)
 .debug_ranges  0x000005f8       0xa8 C:\Users\samuelpereira\Repos\Aviao_Cajada\EC020\firmware_src\Lib_MCU\Debug\libLib_MCU.a(lpc17xx_ssp.o)
 .debug_ranges  0x000006a0       0x50 C:\Users\samuelpereira\Repos\Aviao_Cajada\EC020\firmware_src\Lib_EaBaseBoard\Debug\libLib_EaBaseBoard.a(acc.o)
 .debug_ranges  0x000006f0       0x80 C:\Users\samuelpereira\Repos\Aviao_Cajada\EC020\firmware_src\Lib_EaBaseBoard\Debug\libLib_EaBaseBoard.a(oled.o)
 .debug_ranges  0x00000770       0x18 C:\Users\samuelpereira\Repos\Aviao_Cajada\EC020\firmware_src\Lib_EaBaseBoard\Debug\libLib_EaBaseBoard.a(rgb.o)
 .debug_ranges  0x00000788       0x18 C:\Users\samuelpereira\Repos\Aviao_Cajada\EC020\firmware_src\Lib_EaBaseBoard\Debug\libLib_EaBaseBoard.a(temp.o)
 .debug_ranges  0x000007a0       0x10 C:\Users\samuelpereira\Repos\Aviao_Cajada\EC020\firmware_src\FreeRTOS_Library\Debug\libFreeRTOS_Library.a(port.o)
 .debug_ranges  0x000007b0       0x48 C:\Users\samuelpereira\Repos\Aviao_Cajada\EC020\firmware_src\FreeRTOS_Library\Debug\libFreeRTOS_Library.a(tasks.o)

.debug_macro    0x00000000     0x7515
 .debug_macro   0x00000000       0xaf ./src/Services/HTTP/HTTP_Server.o
 .debug_macro   0x000000af      0x880 ./src/Services/HTTP/HTTP_Server.o
 .debug_macro   0x0000092f       0x10 ./src/Services/HTTP/HTTP_Server.o
 .debug_macro   0x0000093f      0x12d ./src/Services/HTTP/HTTP_Server.o
 .debug_macro   0x00000a6c       0x28 ./src/Services/HTTP/HTTP_Server.o
 .debug_macro   0x00000a94       0x9a ./src/Services/HTTP/HTTP_Server.o
 .debug_macro   0x00000b2e       0x10 ./src/Services/HTTP/HTTP_Server.o
 .debug_macro   0x00000b3e      0x5e5 ./src/Services/HTTP/HTTP_Server.o
 .debug_macro   0x00001123      0x2db ./src/Services/HTTP/HTTP_Server.o
 .debug_macro   0x000013fe      0x5b2 ./src/Services/HTTP/HTTP_Server.o
 .debug_macro   0x000019b0       0x9f ./src/Services/HTTP/ethmac.o
 .debug_macro   0x00001a4f       0x1c ./src/Services/HTTP/ethmac.o
 .debug_macro   0x00001a6b       0x2e ./src/Services/HTTP/ethmac.o
 .debug_macro   0x00001a99       0x18 ./src/Services/HTTP/ethmac.o
 .debug_macro   0x00001ab1      0x7af ./src/Services/HTTP/ethmac.o
 .debug_macro   0x00002260      0x2c7 ./src/Services/HTTP/ethmac.o
 .debug_macro   0x00002527       0x9b ./src/Services/HTTP/tcpip.o
 .debug_macro   0x000025c2       0xaa ./src/Services/Accelerometer.o
 .debug_macro   0x0000266c       0x63 ./src/Services/Accelerometer.o
 .debug_macro   0x000026cf      0x18c ./src/Services/Accelerometer.o
 .debug_macro   0x0000285b      0x149 ./src/Services/Accelerometer.o
 .debug_macro   0x000029a4       0xaf ./src/Services/Button.o
 .debug_macro   0x00002a53       0x40 ./src/Services/Button.o
 .debug_macro   0x00002a93       0xa9 ./src/Services/OLED_display.o
 .debug_macro   0x00002b3c       0x16 ./src/Services/OLED_display.o
 .debug_macro   0x00002b52      0x143 ./src/Services/OLED_display.o
 .debug_macro   0x00002c95      0x2af ./src/Services/OLED_display.o
 .debug_macro   0x00002f44       0x5a ./src/Services/RGB_Leds.o
 .debug_macro   0x00002f9e       0x16 ./src/Services/RGB_Leds.o
 .debug_macro   0x00002fb4       0x16 ./src/Services/RGB_Leds.o
 .debug_macro   0x00002fca       0x7f ./src/Services/Systick.o
 .debug_macro   0x00003049       0x50 ./src/Services/Temperature.o
 .debug_macro   0x00003099       0x96 ./src/Services/Trimpot.o
 .debug_macro   0x0000312f       0xee ./src/Services/Trimpot.o
 .debug_macro   0x0000321d      0x1a8 ./src/MainApp.o
 .debug_macro   0x000033c5       0x16 ./src/MainApp.o
 .debug_macro   0x000033db       0x46 ./src/MainApp.o
 .debug_macro   0x00003421       0xca ./src/MainApp.o
 .debug_macro   0x000034eb       0xa3 ./src/MainApp.o
 .debug_macro   0x0000358e       0x12 ./src/MainApp.o
 .debug_macro   0x000035a0       0x1d ./src/MainApp.o
 .debug_macro   0x000035bd      0x15b ./src/MainApp.o
 .debug_macro   0x00003718       0x42 ./src/MainApp.o
 .debug_macro   0x0000375a       0x56 ./src/MainApp.o
 .debug_macro   0x000037b0       0x1c ./src/MainApp.o
 .debug_macro   0x000037cc       0x1c ./src/MainApp.o
 .debug_macro   0x000037e8       0x59 ./src/helper.o
 .debug_macro   0x00003841       0x52 ./cr_startup_lpc17.o
 .debug_macro   0x00003893      0x12b C:\Users\samuelpereira\Repos\Aviao_Cajada\EC020\firmware_src\CMSISv2p00_LPC17xx\Debug\libCMSISv2p00_LPC17xx.a(system_LPC17xx.o)
 .debug_macro   0x000039be      0x886 C:\Users\samuelpereira\Repos\Aviao_Cajada\EC020\firmware_src\CMSISv2p00_LPC17xx\Debug\libCMSISv2p00_LPC17xx.a(system_LPC17xx.o)
 .debug_macro   0x00004244       0x9f C:\Users\samuelpereira\Repos\Aviao_Cajada\EC020\firmware_src\Lib_MCU\Debug\libLib_MCU.a(lpc17xx_adc.o)
 .debug_macro   0x000042e3      0x880 C:\Users\samuelpereira\Repos\Aviao_Cajada\EC020\firmware_src\Lib_MCU\Debug\libLib_MCU.a(lpc17xx_adc.o)
 .debug_macro   0x00004b63      0x2fe C:\Users\samuelpereira\Repos\Aviao_Cajada\EC020\firmware_src\Lib_MCU\Debug\libLib_MCU.a(lpc17xx_adc.o)
 .debug_macro   0x00004e61       0xcb C:\Users\samuelpereira\Repos\Aviao_Cajada\EC020\firmware_src\Lib_MCU\Debug\libLib_MCU.a(lpc17xx_adc.o)
 .debug_macro   0x00004f2c       0x8d C:\Users\samuelpereira\Repos\Aviao_Cajada\EC020\firmware_src\Lib_MCU\Debug\libLib_MCU.a(lpc17xx_clkpwr.o)
 .debug_macro   0x00004fb9      0x2f8 C:\Users\samuelpereira\Repos\Aviao_Cajada\EC020\firmware_src\Lib_MCU\Debug\libLib_MCU.a(lpc17xx_clkpwr.o)
 .debug_macro   0x000052b1       0x96 C:\Users\samuelpereira\Repos\Aviao_Cajada\EC020\firmware_src\Lib_MCU\Debug\libLib_MCU.a(lpc17xx_gpio.o)
 .debug_macro   0x00005347       0xa8 C:\Users\samuelpereira\Repos\Aviao_Cajada\EC020\firmware_src\Lib_MCU\Debug\libLib_MCU.a(lpc17xx_i2c.o)
 .debug_macro   0x000053ef       0x5a C:\Users\samuelpereira\Repos\Aviao_Cajada\EC020\firmware_src\Lib_MCU\Debug\libLib_MCU.a(lpc17xx_libcfg_default.o)
 .debug_macro   0x00005449       0x5d C:\Users\samuelpereira\Repos\Aviao_Cajada\EC020\firmware_src\Lib_MCU\Debug\libLib_MCU.a(lpc17xx_libcfg_default.o)
 .debug_macro   0x000054a6       0xc5 C:\Users\samuelpereira\Repos\Aviao_Cajada\EC020\firmware_src\Lib_MCU\Debug\libLib_MCU.a(lpc17xx_libcfg_default.o)
 .debug_macro   0x0000556b       0x8d C:\Users\samuelpereira\Repos\Aviao_Cajada\EC020\firmware_src\Lib_MCU\Debug\libLib_MCU.a(lpc17xx_pinsel.o)
 .debug_macro   0x000055f8       0x9f C:\Users\samuelpereira\Repos\Aviao_Cajada\EC020\firmware_src\Lib_MCU\Debug\libLib_MCU.a(lpc17xx_ssp.o)
 .debug_macro   0x00005697      0x2a9 C:\Users\samuelpereira\Repos\Aviao_Cajada\EC020\firmware_src\Lib_MCU\Debug\libLib_MCU.a(lpc17xx_ssp.o)
 .debug_macro   0x00005940      0x175 C:\Users\samuelpereira\Repos\Aviao_Cajada\EC020\firmware_src\Lib_EaBaseBoard\Debug\libLib_EaBaseBoard.a(acc.o)
 .debug_macro   0x00005ab5       0xf0 C:\Users\samuelpereira\Repos\Aviao_Cajada\EC020\firmware_src\Lib_EaBaseBoard\Debug\libLib_EaBaseBoard.a(oled.o)
 .debug_macro   0x00005ba5       0x5d C:\Users\samuelpereira\Repos\Aviao_Cajada\EC020\firmware_src\Lib_EaBaseBoard\Debug\libLib_EaBaseBoard.a(oled.o)
 .debug_macro   0x00005c02      0x192 C:\Users\samuelpereira\Repos\Aviao_Cajada\EC020\firmware_src\Lib_EaBaseBoard\Debug\libLib_EaBaseBoard.a(oled.o)
 .debug_macro   0x00005d94       0x96 C:\Users\samuelpereira\Repos\Aviao_Cajada\EC020\firmware_src\Lib_EaBaseBoard\Debug\libLib_EaBaseBoard.a(rgb.o)
 .debug_macro   0x00005e2a       0xc1 C:\Users\samuelpereira\Repos\Aviao_Cajada\EC020\firmware_src\Lib_EaBaseBoard\Debug\libLib_EaBaseBoard.a(temp.o)
 .debug_macro   0x00005eeb       0x1a C:\Users\samuelpereira\Repos\Aviao_Cajada\EC020\firmware_src\Lib_EaBaseBoard\Debug\libLib_EaBaseBoard.a(font5x7.o)
 .debug_macro   0x00005f05      0x696 C:\Users\samuelpereira\Repos\Aviao_Cajada\EC020\firmware_src\Lib_EaBaseBoard\Debug\libLib_EaBaseBoard.a(font5x7.o)
 .debug_macro   0x0000659b      0x12c C:\Users\samuelpereira\Repos\Aviao_Cajada\EC020\firmware_src\FreeRTOS_Library\Debug\libFreeRTOS_Library.a(port.o)
 .debug_macro   0x000066c7      0x874 C:\Users\samuelpereira\Repos\Aviao_Cajada\EC020\firmware_src\FreeRTOS_Library\Debug\libFreeRTOS_Library.a(port.o)
 .debug_macro   0x00006f3b      0x10d C:\Users\samuelpereira\Repos\Aviao_Cajada\EC020\firmware_src\FreeRTOS_Library\Debug\libFreeRTOS_Library.a(basic_io.o)
 .debug_macro   0x00007048       0xa0 C:\Users\samuelpereira\Repos\Aviao_Cajada\EC020\firmware_src\FreeRTOS_Library\Debug\libFreeRTOS_Library.a(basic_io.o)
 .debug_macro   0x000070e8       0x10 C:\Users\samuelpereira\Repos\Aviao_Cajada\EC020\firmware_src\FreeRTOS_Library\Debug\libFreeRTOS_Library.a(basic_io.o)
 .debug_macro   0x000070f8       0x5a C:\Users\samuelpereira\Repos\Aviao_Cajada\EC020\firmware_src\FreeRTOS_Library\Debug\libFreeRTOS_Library.a(consoleprint.o)
 .debug_macro   0x00007152      0x17f C:\Users\samuelpereira\Repos\Aviao_Cajada\EC020\firmware_src\FreeRTOS_Library\Debug\libFreeRTOS_Library.a(tasks.o)
 .debug_macro   0x000072d1       0x22 C:\Users\samuelpereira\Repos\Aviao_Cajada\EC020\firmware_src\FreeRTOS_Library\Debug\libFreeRTOS_Library.a(tasks.o)
 .debug_macro   0x000072f3       0x16 C:\Users\samuelpereira\Repos\Aviao_Cajada\EC020\firmware_src\FreeRTOS_Library\Debug\libFreeRTOS_Library.a(tasks.o)
 .debug_macro   0x00007309      0x11d C:\Users\samuelpereira\Repos\Aviao_Cajada\EC020\firmware_src\FreeRTOS_Library\Debug\libFreeRTOS_Library.a(heap_2.o)
 .debug_macro   0x00007426       0xef C:\Users\samuelpereira\Repos\Aviao_Cajada\EC020\firmware_src\FreeRTOS_Library\Debug\libFreeRTOS_Library.a(list.o)

.debug_line     0x00000000     0x65e2
 .debug_line    0x00000000      0x2f7 ./src/Services/HTTP/HTTP_Server.o
 .debug_line    0x000002f7      0x39f ./src/Services/HTTP/ethmac.o
 .debug_line    0x00000696      0x5c5 ./src/Services/HTTP/tcpip.o
 .debug_line    0x00000c5b      0x31d ./src/Services/Accelerometer.o
 .debug_line    0x00000f78      0x234 ./src/Services/Button.o
 .debug_line    0x000011ac      0x2e6 ./src/Services/OLED_display.o
 .debug_line    0x00001492      0x182 ./src/Services/RGB_Leds.o
 .debug_line    0x00001614      0x271 ./src/Services/Systick.o
 .debug_line    0x00001885      0x199 ./src/Services/Temperature.o
 .debug_line    0x00001a1e      0x24e ./src/Services/Trimpot.o
 .debug_line    0x00001c6c      0x5dd ./src/MainApp.o
 .debug_line    0x00002249      0x154 ./src/helper.o
 .debug_line    0x0000239d      0x219 ./cr_startup_lpc17.o
 .debug_line    0x000025b6      0x1d3 C:\Users\samuelpereira\Repos\Aviao_Cajada\EC020\firmware_src\CMSISv2p00_LPC17xx\Debug\libCMSISv2p00_LPC17xx.a(system_LPC17xx.o)
 .debug_line    0x00002789      0x426 C:\Users\samuelpereira\Repos\Aviao_Cajada\EC020\firmware_src\Lib_MCU\Debug\libLib_MCU.a(lpc17xx_adc.o)
 .debug_line    0x00002baf      0x2fa C:\Users\samuelpereira\Repos\Aviao_Cajada\EC020\firmware_src\Lib_MCU\Debug\libLib_MCU.a(lpc17xx_clkpwr.o)
 .debug_line    0x00002ea9      0x438 C:\Users\samuelpereira\Repos\Aviao_Cajada\EC020\firmware_src\Lib_MCU\Debug\libLib_MCU.a(lpc17xx_gpio.o)
 .debug_line    0x000032e1      0x70d C:\Users\samuelpereira\Repos\Aviao_Cajada\EC020\firmware_src\Lib_MCU\Debug\libLib_MCU.a(lpc17xx_i2c.o)
 .debug_line    0x000039ee      0x186 C:\Users\samuelpereira\Repos\Aviao_Cajada\EC020\firmware_src\Lib_MCU\Debug\libLib_MCU.a(lpc17xx_libcfg_default.o)
 .debug_line    0x00003b74      0x292 C:\Users\samuelpereira\Repos\Aviao_Cajada\EC020\firmware_src\Lib_MCU\Debug\libLib_MCU.a(lpc17xx_pinsel.o)
 .debug_line    0x00003e06      0x63e C:\Users\samuelpereira\Repos\Aviao_Cajada\EC020\firmware_src\Lib_MCU\Debug\libLib_MCU.a(lpc17xx_ssp.o)
 .debug_line    0x00004444      0x331 C:\Users\samuelpereira\Repos\Aviao_Cajada\EC020\firmware_src\Lib_EaBaseBoard\Debug\libLib_EaBaseBoard.a(acc.o)
 .debug_line    0x00004775      0x5af C:\Users\samuelpereira\Repos\Aviao_Cajada\EC020\firmware_src\Lib_EaBaseBoard\Debug\libLib_EaBaseBoard.a(oled.o)
 .debug_line    0x00004d24      0x280 C:\Users\samuelpereira\Repos\Aviao_Cajada\EC020\firmware_src\Lib_EaBaseBoard\Debug\libLib_EaBaseBoard.a(rgb.o)
 .debug_line    0x00004fa4      0x2a9 C:\Users\samuelpereira\Repos\Aviao_Cajada\EC020\firmware_src\Lib_EaBaseBoard\Debug\libLib_EaBaseBoard.a(temp.o)
 .debug_line    0x0000524d       0x92 C:\Users\samuelpereira\Repos\Aviao_Cajada\EC020\firmware_src\Lib_EaBaseBoard\Debug\libLib_EaBaseBoard.a(font5x7.o)
 .debug_line    0x000052df      0x304 C:\Users\samuelpereira\Repos\Aviao_Cajada\EC020\firmware_src\FreeRTOS_Library\Debug\libFreeRTOS_Library.a(port.o)
 .debug_line    0x000055e3      0x30b C:\Users\samuelpereira\Repos\Aviao_Cajada\EC020\firmware_src\FreeRTOS_Library\Debug\libFreeRTOS_Library.a(basic_io.o)
 .debug_line    0x000058ee      0x129 C:\Users\samuelpereira\Repos\Aviao_Cajada\EC020\firmware_src\FreeRTOS_Library\Debug\libFreeRTOS_Library.a(consoleprint.o)
 .debug_line    0x00005a17      0x59d C:\Users\samuelpereira\Repos\Aviao_Cajada\EC020\firmware_src\FreeRTOS_Library\Debug\libFreeRTOS_Library.a(tasks.o)
 .debug_line    0x00005fb4      0x334 C:\Users\samuelpereira\Repos\Aviao_Cajada\EC020\firmware_src\FreeRTOS_Library\Debug\libFreeRTOS_Library.a(heap_2.o)
 .debug_line    0x000062e8      0x2fa C:\Users\samuelpereira\Repos\Aviao_Cajada\EC020\firmware_src\FreeRTOS_Library\Debug\libFreeRTOS_Library.a(list.o)

.debug_str      0x00000000    0x14df9
 .debug_str     0x00000000     0x61ba ./src/Services/HTTP/HTTP_Server.o
                               0x628b (size before relaxing)
 .debug_str     0x000061ba     0x46b6 ./src/Services/HTTP/ethmac.o
                               0xa2e2 (size before relaxing)
 .debug_str     0x0000a870      0x3f3 ./src/Services/HTTP/tcpip.o
                               0xa42b (size before relaxing)
 .debug_str     0x0000ac63     0x1119 ./src/Services/Accelerometer.o
                               0x8e9e (size before relaxing)
 .debug_str     0x0000bd7c      0x2c5 ./src/Services/Button.o
                               0x8159 (size before relaxing)
 .debug_str     0x0000c041     0x11da ./src/Services/OLED_display.o
                               0x957e (size before relaxing)
 .debug_str     0x0000d21b       0xe5 ./src/Services/RGB_Leds.o
                               0x3cf2 (size before relaxing)
 .debug_str     0x0000d300      0x333 ./src/Services/Systick.o
                               0x81df (size before relaxing)
 .debug_str     0x0000d633       0x92 ./src/Services/Temperature.o
                               0x3ce4 (size before relaxing)
 .debug_str     0x0000d6c5      0x958 ./src/Services/Trimpot.o
                               0x8d0a (size before relaxing)
 .debug_str     0x0000e01d     0x19f9 ./src/MainApp.o
                               0xa727 (size before relaxing)
 .debug_str     0x0000fa16       0x2a ./src/helper.o
                               0x3cfc (size before relaxing)
 .debug_str     0x0000fa40      0x138 ./cr_startup_lpc17.o
                               0x3d82 (size before relaxing)
 .debug_str     0x0000fb78      0x404 C:\Users\samuelpereira\Repos\Aviao_Cajada\EC020\firmware_src\CMSISv2p00_LPC17xx\Debug\libCMSISv2p00_LPC17xx.a(system_LPC17xx.o)
                               0x8150 (size before relaxing)
 .debug_str     0x0000ff7c     0x15f5 C:\Users\samuelpereira\Repos\Aviao_Cajada\EC020\firmware_src\Lib_MCU\Debug\libLib_MCU.a(lpc17xx_adc.o)
                               0x9cd6 (size before relaxing)
 .debug_str     0x00011571       0xcb C:\Users\samuelpereira\Repos\Aviao_Cajada\EC020\firmware_src\Lib_MCU\Debug\libLib_MCU.a(lpc17xx_clkpwr.o)
                               0x9321 (size before relaxing)
 .debug_str     0x0001163c      0x1f8 C:\Users\samuelpereira\Repos\Aviao_Cajada\EC020\firmware_src\Lib_MCU\Debug\libLib_MCU.a(lpc17xx_gpio.o)
                               0x8567 (size before relaxing)
 .debug_str     0x00011834      0x3ac C:\Users\samuelpereira\Repos\Aviao_Cajada\EC020\firmware_src\Lib_MCU\Debug\libLib_MCU.a(lpc17xx_i2c.o)
                               0xa604 (size before relaxing)
 .debug_str     0x00011be0       0x32 C:\Users\samuelpereira\Repos\Aviao_Cajada\EC020\firmware_src\Lib_MCU\Debug\libLib_MCU.a(lpc17xx_libcfg_default.o)
                               0x3f26 (size before relaxing)
 .debug_str     0x00011c12       0xf7 C:\Users\samuelpereira\Repos\Aviao_Cajada\EC020\firmware_src\Lib_MCU\Debug\libLib_MCU.a(lpc17xx_pinsel.o)
                               0x85ab (size before relaxing)
 .debug_str     0x00011d09      0x228 C:\Users\samuelpereira\Repos\Aviao_Cajada\EC020\firmware_src\Lib_MCU\Debug\libLib_MCU.a(lpc17xx_ssp.o)
                               0xa54f (size before relaxing)
 .debug_str     0x00011f31      0x39c C:\Users\samuelpereira\Repos\Aviao_Cajada\EC020\firmware_src\Lib_EaBaseBoard\Debug\libLib_EaBaseBoard.a(acc.o)
                               0x8c6c (size before relaxing)
 .debug_str     0x000122cd      0x2dc C:\Users\samuelpereira\Repos\Aviao_Cajada\EC020\firmware_src\Lib_EaBaseBoard\Debug\libLib_EaBaseBoard.a(oled.o)
                               0x9d90 (size before relaxing)
 .debug_str     0x000125a9        0xd C:\Users\samuelpereira\Repos\Aviao_Cajada\EC020\firmware_src\Lib_EaBaseBoard\Debug\libLib_EaBaseBoard.a(rgb.o)
                               0x8116 (size before relaxing)
 .debug_str     0x000125b6       0xda C:\Users\samuelpereira\Repos\Aviao_Cajada\EC020\firmware_src\Lib_EaBaseBoard\Debug\libLib_EaBaseBoard.a(temp.o)
                               0x81c3 (size before relaxing)
 .debug_str     0x00012690      0xe21 C:\Users\samuelpereira\Repos\Aviao_Cajada\EC020\firmware_src\Lib_EaBaseBoard\Debug\libLib_EaBaseBoard.a(font5x7.o)
                               0x32d7 (size before relaxing)
 .debug_str     0x000134b1      0x468 C:\Users\samuelpereira\Repos\Aviao_Cajada\EC020\firmware_src\FreeRTOS_Library\Debug\libFreeRTOS_Library.a(port.o)
                               0x990b (size before relaxing)
 .debug_str     0x00013919       0xaa C:\Users\samuelpereira\Repos\Aviao_Cajada\EC020\firmware_src\FreeRTOS_Library\Debug\libFreeRTOS_Library.a(basic_io.o)
                               0x9847 (size before relaxing)
 .debug_str     0x000139c3       0x4b C:\Users\samuelpereira\Repos\Aviao_Cajada\EC020\firmware_src\FreeRTOS_Library\Debug\libFreeRTOS_Library.a(consoleprint.o)
                               0x2ca8 (size before relaxing)
 .debug_str     0x00013a0e      0xf35 C:\Users\samuelpereira\Repos\Aviao_Cajada\EC020\firmware_src\FreeRTOS_Library\Debug\libFreeRTOS_Library.a(tasks.o)
                               0xa8e2 (size before relaxing)
 .debug_str     0x00014943      0x46f C:\Users\samuelpereira\Repos\Aviao_Cajada\EC020\firmware_src\FreeRTOS_Library\Debug\libFreeRTOS_Library.a(heap_2.o)
                               0x9ad6 (size before relaxing)
 .debug_str     0x00014db2       0x47 C:\Users\samuelpereira\Repos\Aviao_Cajada\EC020\firmware_src\FreeRTOS_Library\Debug\libFreeRTOS_Library.a(list.o)
                               0x93d7 (size before relaxing)

.comment        0x00000000       0xdc
 .comment       0x00000000       0x6e ./src/Services/HTTP/HTTP_Server.o
                                 0x6f (size before relaxing)